Archive member included to satisfy reference by file (symbol)

/opt/devkitpro/libnds/lib/libfat.a(libfat.o)
                              main.o (fatInitDefault)
/opt/devkitpro/libnds/lib/libfat.a(disc.o)
                              /opt/devkitpro/libnds/lib/libfat.a(libfat.o) (_FAT_disc_interfaces)
/opt/devkitpro/libnds/lib/libfat.a(fatfile.o)
                              /opt/devkitpro/libnds/lib/libfat.a(libfat.o) (_FAT_open_r)
/opt/devkitpro/libnds/lib/libfat.a(cache.o)
                              /opt/devkitpro/libnds/lib/libfat.a(fatfile.o) (_FAT_cache_readSectors)
/opt/devkitpro/libnds/lib/libfat.a(fatdir.o)
                              /opt/devkitpro/libnds/lib/libfat.a(libfat.o) (_FAT_stat_r)
/opt/devkitpro/libnds/lib/libfat.a(directory.o)
                              /opt/devkitpro/libnds/lib/libfat.a(fatfile.o) (_FAT_directory_entryGetCluster)
/opt/devkitpro/libnds/lib/libfat.a(partition.o)
                              /opt/devkitpro/libnds/lib/libfat.a(libfat.o) (_FAT_partition_destructor)
/opt/devkitpro/libnds/lib/libfat.a(lock.o)
                              /opt/devkitpro/libnds/lib/libfat.a(partition.o) (_FAT_lock_init)
/opt/devkitpro/libnds/lib/libfat.a(filetime.o)
                              /opt/devkitpro/libnds/lib/libfat.a(fatfile.o) (_FAT_filetime_getTimeFromRTC)
/opt/devkitpro/libnds/lib/libfat.a(file_allocation_table.o)
                              /opt/devkitpro/libnds/lib/libfat.a(fatfile.o) (_FAT_fat_nextCluster)
/opt/devkitpro/libnds/lib/libnds9.a(background.o)
                              main.o (bgState)
/opt/devkitpro/libnds/lib/libnds9.a(trig.o)
                              /opt/devkitpro/libnds/lib/libnds9.a(background.o) (sinLerp)
/opt/devkitpro/libnds/lib/libnds9.a(video.o)
                              main.o (vramSetPrimaryBanks)
/opt/devkitpro/libnds/lib/libnds9.a(console.o)
                              main.o (consoleInit)
/opt/devkitpro/libnds/lib/libnds9.a(decompress.o)
                              main.o (decompress)
/opt/devkitpro/libnds/lib/libnds9.a(dldi.o)
                              /opt/devkitpro/libnds/lib/libfat.a(disc.o) (dldiGetInternal)
/opt/devkitpro/libnds/lib/libnds9.a(initSystem.o)
                              /opt/devkitpro/devkitARM/bin/../lib/gcc/arm-none-eabi/12.1.0/../../../../arm-none-eabi/lib/ds_arm9_crt0.o (initSystem)
/opt/devkitpro/libnds/lib/libnds9.a(securearea.o)
                              /opt/devkitpro/devkitARM/bin/../lib/gcc/arm-none-eabi/12.1.0/../../../../arm-none-eabi/lib/ds_arm9_crt0.o (__secure_area__)
/opt/devkitpro/libnds/lib/libnds9.a(interrupts.o)
                              /opt/devkitpro/libnds/lib/libnds9.a(initSystem.o) (irqInit)
/opt/devkitpro/libnds/lib/libnds9.a(libnds_exit.arm.o)
                              /opt/devkitpro/devkitARM/bin/../lib/gcc/arm-none-eabi/12.1.0/../../../../arm-none-eabi/lib/ds_arm9_crt0.o (__libnds_exit)
/opt/devkitpro/libnds/lib/libnds9.a(syscalls.o)
                              /opt/devkitpro/libnds/lib/libnds9.a(decompress.o) (swiDecompressLZSSVram)
/opt/devkitpro/libnds/lib/libnds9.a(fifosystem.o)
                              /opt/devkitpro/libnds/lib/libnds9.a(initSystem.o) (fifoSetValue32Handler)
/opt/devkitpro/libnds/lib/libnds9.a(dldi_stub.o)
                              /opt/devkitpro/libnds/lib/libnds9.a(dldi.o) (_io_dldi_stub)
/opt/devkitpro/libnds/lib/libnds9.a(mpu_setup.o)
                              /opt/devkitpro/devkitARM/bin/../lib/gcc/arm-none-eabi/12.1.0/../../../../arm-none-eabi/lib/ds_arm9_crt0.o (__libnds_mpu_setup)
/opt/devkitpro/libnds/lib/libnds9.a(IntrWait.o)
                              /opt/devkitpro/libnds/lib/libnds9.a(fifosystem.o) (swiIntrWait)
/opt/devkitpro/libnds/lib/libnds9.a(cpu_clock.o)
                              /opt/devkitpro/libnds/lib/libnds9.a(initSystem.o) (setCpuClock)
/opt/devkitpro/libnds/lib/libnds9.a(interruptDispatcher.o)
                              /opt/devkitpro/libnds/lib/libnds9.a(interrupts.o) (IntrMain)
/opt/devkitpro/libnds/lib/libnds9.a(biosCalls.o)
                              /opt/devkitpro/libnds/lib/libnds9.a(decompress.o) (swiDecompressLZSSWram)
/opt/devkitpro/libnds/lib/libnds9.a(debugprint.o)
                              /opt/devkitpro/libnds/lib/libnds9.a(console.o) (nocashWrite)
/opt/devkitpro/libnds/lib/libnds9.a(swiSoftReset.o)
                              /opt/devkitpro/libnds/lib/libnds9.a(fifosystem.o) (swiSoftReset)
/opt/devkitpro/libnds/lib/libnds9.a(default_font.bin.o)
                              /opt/devkitpro/libnds/lib/libnds9.a(console.o) (default_font_bin)
/opt/devkitpro/libnds/lib/libnds9.a(system.o)
                              /opt/devkitpro/libnds/lib/libnds9.a(initSystem.o) (systemValueHandler)
/opt/devkitpro/libnds/lib/libnds9.a(sd.twl.o)
                              /opt/devkitpro/libnds/lib/libnds9.a(dldi.o) (__io_dsisd)
/opt/devkitpro/libnds/lib/libnds9.a(dcache.o)
                              /opt/devkitpro/libnds/lib/libnds9.a(sd.twl.o) (DC_FlushRange)
[...]
Memory Configuration

Name             Origin             Length             Attributes
ewram            0x0000000002000000 0x0000000000380000
dtcm             0x0000000002ff0000 0x0000000000004000
vectors          0x0000000001000000 0x0000000000000100
itcm             0x0000000001000100 0x0000000000007f00
*default*        0x0000000000000000 0xffffffffffffffff

Linker script and memory map

                0x0000000002380000                __ewram_end = (ORIGIN (ewram) + LENGTH (ewram))
                0x0000000002380000                __eheap_end = (ORIGIN (ewram) + LENGTH (ewram))
                0x0000000002ff4000                __dtcm_top = (ORIGIN (dtcm) + LENGTH (dtcm))
                0x0000000002ff3ff8                __irq_flags = (__dtcm_top - 0x8)
                0x0000000002ff3ffc                __irq_vector = (__dtcm_top - 0x4)
                0x0000000002ff3f00                __sp_svc = (__dtcm_top - 0x100)
                0x0000000002ff3e00                __sp_irq = (__sp_svc - 0x100)
                0x0000000002ff3d00                __sp_usr = (__sp_irq - 0x100)

.secure         0x0000000002000000      0x800
 *(.secure)
 .secure        0x0000000002000000      0x800 /opt/devkitpro/libnds/lib/libnds9.a(securearea.o)
                0x0000000002000000                __secure_area__

.crt0           0x0000000002000800      0x300
                0x0000000002000800                __text_start = .
 *(.crt0)
 .crt0          0x0000000002000800      0x300 /opt/devkitpro/devkitARM/bin/../lib/gcc/arm-none-eabi/12.1.0/../../../../arm-none-eabi/lib/ds_arm9_crt0.o
                0x0000000002000800                _start
                0x0000000002000b00                . = ALIGN (0x4)

.plt
 *(.plt)

.init           0x0000000002000b00       0x18
 *(SORT_NONE(.init))
 .init          0x0000000002000b00        0xc /opt/devkitpro/devkitARM/bin/../lib/gcc/arm-none-eabi/12.1.0/crti.o
                0x0000000002000b00                _init
 .init          0x0000000002000b0c        0xc /opt/devkitpro/devkitARM/bin/../lib/gcc/arm-none-eabi/12.1.0/crtn.o

.text           0x0000000002000b40    0x13540
 *(EXCLUDE_FILE(*.twl* *.vectors* *.itcm*) .text)
 .text          0x0000000002000b40      0x28c tonccpy.o
                0x0000000002000b40                tonccpy
                0x0000000002000cdc                __toncset
 *fill*         0x0000000002000dcc       0x34 ff
 .text          0x0000000002000e00     0x4000 /opt/devkitpro/libnds/lib/libnds9.a(dldi_stub.o)
                0x0000000002000e00                _io_dldi_stub
 .text          0x0000000002004e00      0x114 /opt/devkitpro/devkitARM/bin/../lib/gcc/arm-none-eabi/12.1.0/libgcc.a(_udivsi3.o)
                0x0000000002004e00                __udivsi3
                0x0000000002004e00                __aeabi_uidiv
                0x0000000002004ef4                __aeabi_uidivmod
 .text          0x0000000002004f14      0x148 /opt/devkitpro/devkitARM/bin/../lib/gcc/arm-none-eabi/12.1.0/libgcc.a(_divsi3.o)
                0x0000000002004f14                __aeabi_idiv
                0x0000000002004f14                __divsi3
                0x000000000200503c                __aeabi_idivmod
 .text          0x000000000200505c        0x4 /opt/devkitpro/devkitARM/bin/../lib/gcc/arm-none-eabi/12.1.0/libgcc.a(_dvmd_tls.o)
                0x000000000200505c                __aeabi_ldiv0
                0x000000000200505c                __aeabi_idiv0
 .text          0x0000000002005060       0xd4 /opt/devkitpro/devkitARM/bin/../lib/gcc/arm-none-eabi/12.1.0/libgcc.a(_aeabi_ldivmod.o)
                0x0000000002005060                __aeabi_ldivmod
 .text          0x0000000002005134       0x28 /opt/devkitpro/devkitARM/bin/../lib/gcc/arm-none-eabi/12.1.0/libgcc.a(_clzdi2.o)
                0x0000000002005134                __clzdi2
 .text          0x000000000200515c       0x48 /opt/devkitpro/devkitARM/bin/../lib/gcc/arm-none-eabi/12.1.0/libgcc.a(_clzsi2.o)
                0x000000000200515c                __clzsi2
 .text          0x00000000020051a4      0x224 /opt/devkitpro/devkitARM/bin/../lib/gcc/arm-none-eabi/12.1.0/../../../../arm-none-eabi/lib/libg.a(lib_a-strcmp.o)
                0x00000000020051a4                strcmp
 .text          0x00000000020053c8       0x3c /opt/devkitpro/devkitARM/bin/../lib/gcc/arm-none-eabi/12.1.0/libgcc.a(_aeabi_uldivmod.o)
                0x00000000020053c8                __aeabi_uldivmod
 *(EXCLUDE_FILE(*.twl* *.vectors* *.itcm*) .stub)
 *(EXCLUDE_FILE(*.twl* *.vectors* *.itcm*) .text.*)
 .text.__do_global_dtors_aux
                0x0000000002005404       0x40 /opt/devkitpro/devkitARM/bin/../lib/gcc/arm-none-eabi/12.1.0/crtbegin.o
 .text.frame_dummy
                0x0000000002005444       0x30 /opt/devkitpro/devkitARM/bin/../lib/gcc/arm-none-eabi/12.1.0/crtbegin.o
 .text.startup  0x0000000002005474      0x16c main.o
                0x0000000002005474                main
 .text.fatMount.part.0
                0x00000000020055e0       0xa0 /opt/devkitpro/libnds/lib/libfat.a(libfat.o)
 .text.fatMount
                0x0000000002005680       0x3c /opt/devkitpro/libnds/lib/libfat.a(libfat.o)
                0x0000000002005680                fatMount
 .text.fatInit  0x00000000020056bc      0x130 /opt/devkitpro/libnds/lib/libfat.a(libfat.o)
                0x00000000020056bc                fatInit
 .text.fatInitDefault
                0x00000000020057ec        0xc /opt/devkitpro/libnds/lib/libfat.a(libfat.o)
                0x00000000020057ec                fatInitDefault
 .text._FAT_check_position_for_next_cluster.part.0
                0x00000000020057f8       0x68 /opt/devkitpro/libnds/lib/libfat.a(fatfile.o)
 .text._FAT_syncToDisc.part.0
                0x0000000002005860       0xd4 /opt/devkitpro/libnds/lib/libfat.a(fatfile.o)
 .text._FAT_file_extend_r
                0x0000000002005934      0x208 /opt/devkitpro/libnds/lib/libfat.a(fatfile.o)
 .text._FAT_open_r
                0x0000000002005b3c      0x2d4 /opt/devkitpro/libnds/lib/libfat.a(fatfile.o)
                0x0000000002005b3c                _FAT_open_r
 .text._FAT_close_r
                0x0000000002005e10       0x74 /opt/devkitpro/libnds/lib/libfat.a(fatfile.o)
                0x0000000002005e10                _FAT_close_r
 .text._FAT_read_r
                0x0000000002005e84      0x398 /opt/devkitpro/libnds/lib/libfat.a(fatfile.o)
                0x0000000002005e84                _FAT_read_r
 .text._FAT_write_r
                0x000000000200621c      0x53c /opt/devkitpro/libnds/lib/libfat.a(fatfile.o)
                0x000000000200621c                _FAT_write_r
 .text._FAT_seek_r
                0x0000000002006758      0x194 /opt/devkitpro/libnds/lib/libfat.a(fatfile.o)
                0x0000000002006758                _FAT_seek_r
 .text._FAT_fstat_r
                0x00000000020068ec       0x8c /opt/devkitpro/libnds/lib/libfat.a(fatfile.o)
                0x00000000020068ec                _FAT_fstat_r
 .text._FAT_ftruncate_r
                0x0000000002006978      0x16c /opt/devkitpro/libnds/lib/libfat.a(fatfile.o)
                0x0000000002006978                _FAT_ftruncate_r
 .text._FAT_fsync_r
                0x0000000002006ae4       0x44 /opt/devkitpro/libnds/lib/libfat.a(fatfile.o)
                0x0000000002006ae4                _FAT_fsync_r
 .text._FAT_cache_getPage
                0x0000000002006b28       0xf0 /opt/devkitpro/libnds/lib/libfat.a(cache.o)
 .text._FAT_cache_constructor
                0x0000000002006c18       0x90 /opt/devkitpro/libnds/lib/libfat.a(cache.o)
                0x0000000002006c18                _FAT_cache_constructor
 .text._FAT_cache_readSectors
                0x0000000002006ca8       0x60 /opt/devkitpro/libnds/lib/libfat.a(cache.o)
                0x0000000002006ca8                _FAT_cache_readSectors
 .text._FAT_cache_readPartialSector
                0x0000000002006d08       0x3c /opt/devkitpro/libnds/lib/libfat.a(cache.o)
                0x0000000002006d08                _FAT_cache_readPartialSector
 .text._FAT_cache_readLittleEndianValue
                0x0000000002006d44       0x70 /opt/devkitpro/libnds/lib/libfat.a(cache.o)
                0x0000000002006d44                _FAT_cache_readLittleEndianValue
 .text._FAT_cache_writePartialSector
                0x0000000002006db4       0x4c /opt/devkitpro/libnds/lib/libfat.a(cache.o)
                0x0000000002006db4                _FAT_cache_writePartialSector
 .text._FAT_cache_writeLittleEndianValue
                0x0000000002006e00       0x8c /opt/devkitpro/libnds/lib/libfat.a(cache.o)
                0x0000000002006e00                _FAT_cache_writeLittleEndianValue
 .text._FAT_cache_eraseWritePartialSector
                0x0000000002006e8c       0x60 /opt/devkitpro/libnds/lib/libfat.a(cache.o)
                0x0000000002006e8c                _FAT_cache_eraseWritePartialSector
 .text._FAT_cache_writeSectors
                0x0000000002006eec       0x80 /opt/devkitpro/libnds/lib/libfat.a(cache.o)
                0x0000000002006eec                _FAT_cache_writeSectors
 .text._FAT_cache_flush
                0x0000000002006f6c       0x40 /opt/devkitpro/libnds/lib/libfat.a(cache.o)
                0x0000000002006f6c                _FAT_cache_flush
 .text._FAT_stat_r
                0x0000000002006fac       0x90 /opt/devkitpro/libnds/lib/libfat.a(fatdir.o)
                0x0000000002006fac                _FAT_stat_r
 .text._FAT_link_r
                0x000000000200703c        0xc /opt/devkitpro/libnds/lib/libfat.a(fatdir.o)
                0x000000000200703c                _FAT_link_r
 .text._FAT_unlink_r
                0x0000000002007048      0x184 /opt/devkitpro/libnds/lib/libfat.a(fatdir.o)
                0x0000000002007048                _FAT_unlink_r
 .text._FAT_chdir_r
                0x00000000020071cc       0x70 /opt/devkitpro/libnds/lib/libfat.a(fatdir.o)
                0x00000000020071cc                _FAT_chdir_r
 .text._FAT_rename_r
                0x000000000200723c      0x1c4 /opt/devkitpro/libnds/lib/libfat.a(fatdir.o)
                0x000000000200723c                _FAT_rename_r
 .text._FAT_mkdir_r
                0x0000000002007400      0x244 /opt/devkitpro/libnds/lib/libfat.a(fatdir.o)
                0x0000000002007400                _FAT_mkdir_r
 .text._FAT_statvfs_r
                0x0000000002007644       0x78 /opt/devkitpro/libnds/lib/libfat.a(fatdir.o)
                0x0000000002007644                _FAT_statvfs_r
 .text._FAT_diropen_r
                0x00000000020076bc       0xb0 /opt/devkitpro/libnds/lib/libfat.a(fatdir.o)
                0x00000000020076bc                _FAT_diropen_r
 .text._FAT_dirreset_r
                0x000000000200776c       0x4c /opt/devkitpro/libnds/lib/libfat.a(fatdir.o)
                0x000000000200776c                _FAT_dirreset_r
 .text._FAT_dirnext_r
                0x00000000020077b8       0x7c /opt/devkitpro/libnds/lib/libfat.a(fatdir.o)
                0x00000000020077b8                _FAT_dirnext_r
 .text._FAT_dirclose_r
                0x0000000002007834       0x20 /opt/devkitpro/libnds/lib/libfat.a(fatdir.o)
                0x0000000002007834                _FAT_dirclose_r
 .text._FAT_directory_entryGetAlias
                0x0000000002007854       0xc8 /opt/devkitpro/libnds/lib/libfat.a(directory.o)
 .text._FAT_directory_incrementDirEntryPosition
                0x000000000200791c       0x80 /opt/devkitpro/libnds/lib/libfat.a(directory.o)
 .text._FAT_directory_mbsncasecmp
                0x000000000200799c       0xa8 /opt/devkitpro/libnds/lib/libfat.a(directory.o)
 .text._FAT_directory_ucs2tombs.constprop.0
                0x0000000002007a44       0x90 /opt/devkitpro/libnds/lib/libfat.a(directory.o)
 .text._FAT_directory_entryGetCluster
                0x0000000002007ad4       0x20 /opt/devkitpro/libnds/lib/libfat.a(directory.o)
                0x0000000002007ad4                _FAT_directory_entryGetCluster
 .text._FAT_directory_getNextEntry
                0x0000000002007af4      0x23c /opt/devkitpro/libnds/lib/libfat.a(directory.o)
                0x0000000002007af4                _FAT_directory_getNextEntry
 .text._FAT_directory_entryExists
                0x0000000002007d30       0x80 /opt/devkitpro/libnds/lib/libfat.a(directory.o)
 .text._FAT_directory_getFirstEntry
                0x0000000002007db0       0x20 /opt/devkitpro/libnds/lib/libfat.a(directory.o)
                0x0000000002007db0                _FAT_directory_getFirstEntry
 .text._FAT_directory_getRootEntry
                0x0000000002007dd0       0x60 /opt/devkitpro/libnds/lib/libfat.a(directory.o)
                0x0000000002007dd0                _FAT_directory_getRootEntry
 .text._FAT_directory_entryFromPosition
                0x0000000002007e30      0x150 /opt/devkitpro/libnds/lib/libfat.a(directory.o)
                0x0000000002007e30                _FAT_directory_entryFromPosition
 .text._FAT_directory_entryFromPath
                0x0000000002007f80      0x248 /opt/devkitpro/libnds/lib/libfat.a(directory.o)
                0x0000000002007f80                _FAT_directory_entryFromPath
 .text._FAT_directory_removeEntry
                0x00000000020081c8       0xd8 /opt/devkitpro/libnds/lib/libfat.a(directory.o)
                0x00000000020081c8                _FAT_directory_removeEntry
 .text._FAT_directory_addEntry
                0x00000000020082a0      0x808 /opt/devkitpro/libnds/lib/libfat.a(directory.o)
                0x00000000020082a0                _FAT_directory_addEntry
 .text._FAT_directory_chdir
                0x0000000002008aa8       0x3c /opt/devkitpro/libnds/lib/libfat.a(directory.o)
                0x0000000002008aa8                _FAT_directory_chdir
 .text._FAT_directory_entryStat
                0x0000000002008ae4       0xe4 /opt/devkitpro/libnds/lib/libfat.a(directory.o)
                0x0000000002008ae4                _FAT_directory_entryStat
 .text.isValidMBR
                0x0000000002008bc8       0x5c /opt/devkitpro/libnds/lib/libfat.a(partition.o)
 .text._FAT_updateFS_INFO
                0x0000000002008c24       0x54 /opt/devkitpro/libnds/lib/libfat.a(partition.o)
 .text.FindFirstValidPartition_buf.part.0
                0x0000000002008c78      0x11c /opt/devkitpro/libnds/lib/libfat.a(partition.o)
 .text._FAT_partition_getPartitionFromPath
                0x0000000002008d94       0x10 /opt/devkitpro/libnds/lib/libfat.a(partition.o)
                0x0000000002008d94                _FAT_partition_getPartitionFromPath
 .text._FAT_partition_createFSinfo
                0x0000000002008da4       0x50 /opt/devkitpro/libnds/lib/libfat.a(partition.o)
                0x0000000002008da4                _FAT_partition_createFSinfo
 .text._FAT_partition_readFSinfo.part.0
                0x0000000002008df4       0x74 /opt/devkitpro/libnds/lib/libfat.a(partition.o)
 .text._FAT_partition_constructor_buf
                0x0000000002008e68      0x2e8 /opt/devkitpro/libnds/lib/libfat.a(partition.o)
                0x0000000002008e68                _FAT_partition_constructor_buf
 .text._FAT_partition_constructor
                0x0000000002009150       0x40 /opt/devkitpro/libnds/lib/libfat.a(partition.o)
                0x0000000002009150                _FAT_partition_constructor
 .text._FAT_partition_readFSinfo
                0x0000000002009190       0x10 /opt/devkitpro/libnds/lib/libfat.a(partition.o)
                0x0000000002009190                _FAT_partition_readFSinfo
 .text._FAT_lock_init
                0x00000000020091a0        0x4 /opt/devkitpro/libnds/lib/libfat.a(lock.o)
                0x00000000020091a0                _FAT_lock_init
 .text._FAT_lock
                0x00000000020091a4        0x4 /opt/devkitpro/libnds/lib/libfat.a(lock.o)
                0x00000000020091a4                _FAT_lock
 .text._FAT_unlock
                0x00000000020091a8        0x4 /opt/devkitpro/libnds/lib/libfat.a(lock.o)
                0x00000000020091a8                _FAT_unlock
 .text._FAT_filetime_getTimeFromRTC
                0x00000000020091ac       0x44 /opt/devkitpro/libnds/lib/libfat.a(filetime.o)
                0x00000000020091ac                _FAT_filetime_getTimeFromRTC
 .text._FAT_filetime_getDateFromRTC
                0x00000000020091f0       0x44 /opt/devkitpro/libnds/lib/libfat.a(filetime.o)
                0x00000000020091f0                _FAT_filetime_getDateFromRTC
 .text._FAT_filetime_to_time_t
                0x0000000002009234       0x38 /opt/devkitpro/libnds/lib/libfat.a(filetime.o)
                0x0000000002009234                _FAT_filetime_to_time_t
 .text._FAT_fat_writeFatEntry.part.0.isra.0
                0x000000000200926c      0x12c /opt/devkitpro/libnds/lib/libfat.a(file_allocation_table.o)
 .text._FAT_fat_nextCluster
                0x0000000002009398      0x108 /opt/devkitpro/libnds/lib/libfat.a(file_allocation_table.o)
                0x0000000002009398                _FAT_fat_nextCluster
 .text._FAT_fat_linkFreeCluster
                0x00000000020094a0       0xac /opt/devkitpro/libnds/lib/libfat.a(file_allocation_table.o)
                0x00000000020094a0                _FAT_fat_linkFreeCluster
 .text._FAT_fat_linkFreeClusterCleared
                0x000000000200954c       0x68 /opt/devkitpro/libnds/lib/libfat.a(file_allocation_table.o)
                0x000000000200954c                _FAT_fat_linkFreeClusterCleared
 .text._FAT_fat_clearLinks
                0x00000000020095b4       0x7c /opt/devkitpro/libnds/lib/libfat.a(file_allocation_table.o)
                0x00000000020095b4                _FAT_fat_clearLinks
 .text._FAT_fat_trimChain
                0x0000000002009630       0x80 /opt/devkitpro/libnds/lib/libfat.a(file_allocation_table.o)
                0x0000000002009630                _FAT_fat_trimChain
 .text._FAT_fat_lastCluster
                0x00000000020096b0       0x34 /opt/devkitpro/libnds/lib/libfat.a(file_allocation_table.o)
                0x00000000020096b0                _FAT_fat_lastCluster
 .text._FAT_fat_freeClusterCount
                0x00000000020096e4       0x2c /opt/devkitpro/libnds/lib/libfat.a(file_allocation_table.o)
                0x00000000020096e4                _FAT_fat_freeClusterCount
 .text.checkIfText
                0x0000000002009710       0x5c /opt/devkitpro/libnds/lib/libnds9.a(background.o)
                0x0000000002009710                checkIfText
 .text.bgUpdate
                0x000000000200976c       0xf4 /opt/devkitpro/libnds/lib/libnds9.a(background.o)
                0x000000000200976c                bgUpdate
 .text.bgInit_call
                0x0000000002009860       0xc4 /opt/devkitpro/libnds/lib/libnds9.a(background.o)
                0x0000000002009860                bgInit_call
 .text.bgInitSub_call
                0x0000000002009924       0xcc /opt/devkitpro/libnds/lib/libnds9.a(background.o)
                0x0000000002009924                bgInitSub_call
 .text.sinLutLookup
                0x00000000020099f0       0x4c /opt/devkitpro/libnds/lib/libnds9.a(trig.o)
                0x00000000020099f0                sinLutLookup
 .text.sinLerp  0x0000000002009a3c       0x40 /opt/devkitpro/libnds/lib/libnds9.a(trig.o)
                0x0000000002009a3c                sinLerp
 .text.cosLerp  0x0000000002009a7c       0x4c /opt/devkitpro/libnds/lib/libnds9.a(trig.o)
                0x0000000002009a7c                cosLerp
 .text.vramSetPrimaryBanks
                0x0000000002009ac8       0x44 /opt/devkitpro/libnds/lib/libnds9.a(video.o)
                0x0000000002009ac8                vramSetPrimaryBanks
 .text.vramDefault
                0x0000000002009b0c       0xd0 /opt/devkitpro/libnds/lib/libnds9.a(video.o)
                0x0000000002009b0c                vramDefault
 .text.newRow   0x0000000002009bdc       0xa8 /opt/devkitpro/libnds/lib/libnds9.a(console.o)
 .text.consolePrintChar
                0x0000000002009c84       0xe0 /opt/devkitpro/libnds/lib/libnds9.a(console.o)
                0x0000000002009c84                consolePrintChar
 .text.con_write
                0x0000000002009d64      0x36c /opt/devkitpro/libnds/lib/libnds9.a(console.o)
                0x0000000002009d64                con_write
 .text.consoleLoadFont
                0x000000000200a0d0      0x2a0 /opt/devkitpro/libnds/lib/libnds9.a(console.o)
                0x000000000200a0d0                consoleLoadFont
 .text.consoleInit
                0x000000000200a370      0x18c /opt/devkitpro/libnds/lib/libnds9.a(console.o)
                0x000000000200a370                consoleInit
 .text.consoleSetWindow
                0x000000000200a4fc       0x20 /opt/devkitpro/libnds/lib/libnds9.a(console.o)
                0x000000000200a4fc                consoleSetWindow
 .text.getHeader
                0x000000000200a51c        0x4 /opt/devkitpro/libnds/lib/libnds9.a(decompress.o)
 .text.readByte
                0x000000000200a520        0x4 /opt/devkitpro/libnds/lib/libnds9.a(decompress.o)
 .text.decompress
                0x000000000200a524       0x40 /opt/devkitpro/libnds/lib/libnds9.a(decompress.o)
                0x000000000200a524                decompress
 .text.dldiGetInternal
                0x000000000200a564       0x34 /opt/devkitpro/libnds/lib/libnds9.a(dldi.o)
                0x000000000200a564                dldiGetInternal
 .text.get_io_dsisd
                0x000000000200a598       0x24 /opt/devkitpro/libnds/lib/libnds9.a(dldi.o)
                0x000000000200a598                get_io_dsisd
 .text.__syscall_gettod_r
                0x000000000200a5bc       0x28 /opt/devkitpro/libnds/lib/libnds9.a(initSystem.o)
                0x000000000200a5bc                __syscall_gettod_r
 .text.initSystem
                0x000000000200a5e4      0x180 /opt/devkitpro/libnds/lib/libnds9.a(initSystem.o)
                0x000000000200a5e4                initSystem
 .text.irqDummy
                0x000000000200a764        0x4 /opt/devkitpro/libnds/lib/libnds9.a(interrupts.o)
                0x000000000200a764                irqDummy
 .text.irqSet   0x000000000200a768       0x6c /opt/devkitpro/libnds/lib/libnds9.a(interrupts.o)
                0x000000000200a768                irqSet
 .text.irqInit  0x000000000200a7d4       0x50 /opt/devkitpro/libnds/lib/libnds9.a(interrupts.o)
                0x000000000200a7d4                irqInit
 .text.irqEnable
                0x000000000200a824       0x64 /opt/devkitpro/libnds/lib/libnds9.a(interrupts.o)
                0x000000000200a824                irqEnable
 .text.systemErrorExit
                0x000000000200a888        0x4 /opt/devkitpro/libnds/lib/libnds9.a(libnds_exit.arm.o)
                0x000000000200a888                systemErrorExit
 .text.__libnds_exit
                0x000000000200a88c       0x5c /opt/devkitpro/libnds/lib/libnds9.a(libnds_exit.arm.o)
                0x000000000200a88c                __libnds_exit
 .text.swiDecompressLZSSVram
                0x000000000200a8e8       0x1c /opt/devkitpro/libnds/lib/libnds9.a(syscalls.o)
                0x000000000200a8e8                swiDecompressLZSSVram
 .text.fifo_queueBlock
                0x000000000200a904       0x44 /opt/devkitpro/libnds/lib/libnds9.a(fifosystem.o)
 .text.fifo_waitBlock
                0x000000000200a948       0x80 /opt/devkitpro/libnds/lib/libnds9.a(fifosystem.o)
 .text.fifoInternalSend.part.0
                0x000000000200a9c8       0xd4 /opt/devkitpro/libnds/lib/libnds9.a(fifosystem.o)
 .text.fifoInternalSendInterrupt
                0x000000000200aa9c       0xb0 /opt/devkitpro/libnds/lib/libnds9.a(fifosystem.o)
 .text.fifoSetValue32Handler
                0x000000000200ab4c       0xd4 /opt/devkitpro/libnds/lib/libnds9.a(fifosystem.o)
                0x000000000200ab4c                fifoSetValue32Handler
 .text.fifoSendValue32
                0x000000000200ac20       0x4c /opt/devkitpro/libnds/lib/libnds9.a(fifosystem.o)
                0x000000000200ac20                fifoSendValue32
 .text.fifoSendDatamsg
                0x000000000200ac6c       0x90 /opt/devkitpro/libnds/lib/libnds9.a(fifosystem.o)
                0x000000000200ac6c                fifoSendDatamsg
 .text.fifoGetValue32
                0x000000000200acfc       0x70 /opt/devkitpro/libnds/lib/libnds9.a(fifosystem.o)
                0x000000000200acfc                fifoGetValue32
 .text.fifoGetDatamsg
                0x000000000200ad6c       0xf4 /opt/devkitpro/libnds/lib/libnds9.a(fifosystem.o)
                0x000000000200ad6c                fifoGetDatamsg
 .text.fifoInternalRecvInterrupt
                0x000000000200ae60      0x37c /opt/devkitpro/libnds/lib/libnds9.a(fifosystem.o)
 .text.fifoSetDatamsgHandler
                0x000000000200b1dc       0x9c /opt/devkitpro/libnds/lib/libnds9.a(fifosystem.o)
                0x000000000200b1dc                fifoSetDatamsgHandler
 .text.fifoCheckValue32
                0x000000000200b278       0x24 /opt/devkitpro/libnds/lib/libnds9.a(fifosystem.o)
                0x000000000200b278                fifoCheckValue32
 .text.fifoInit
                0x000000000200b29c      0x108 /opt/devkitpro/libnds/lib/libnds9.a(fifosystem.o)
                0x000000000200b29c                fifoInit
 .text.__libnds_mpu_setup
                0x000000000200b3a4      0x174 /opt/devkitpro/libnds/lib/libnds9.a(mpu_setup.o)
                0x000000000200b3a4                __libnds_mpu_setup
 .text.memUncached
                0x000000000200b518       0x20 /opt/devkitpro/libnds/lib/libnds9.a(mpu_setup.o)
                0x000000000200b518                memUncached
 .text.swiIntrWait
                0x000000000200b538       0x70 /opt/devkitpro/libnds/lib/libnds9.a(IntrWait.o)
                0x000000000200b538                swiIntrWait
 .text.setCpuClock
                0x000000000200b5a8       0x50 /opt/devkitpro/libnds/lib/libnds9.a(cpu_clock.o)
                0x000000000200b5a8                setCpuClock
 .text.swiDelay
                0x000000000200b5f8        0x4 /opt/devkitpro/libnds/lib/libnds9.a(biosCalls.o)
                0x000000000200b5f8                swiDelay
 .text.swiDecompressLZSSWram
                0x000000000200b5fc        0x4 /opt/devkitpro/libnds/lib/libnds9.a(biosCalls.o)
                0x000000000200b5fc                swiDecompressLZSSWram
 .text.swiDecompressLZSSVramNTR
                0x000000000200b600        0x4 /opt/devkitpro/libnds/lib/libnds9.a(biosCalls.o)
                0x000000000200b600                swiDecompressLZSSVramNTR
 .text.swiDecompressLZSSVramTWL
                0x000000000200b604        0x4 /opt/devkitpro/libnds/lib/libnds9.a(biosCalls.o)
                0x000000000200b604                swiDecompressLZSSVramTWL
 .text.swiDecompressHuffman
                0x000000000200b608        0x4 /opt/devkitpro/libnds/lib/libnds9.a(biosCalls.o)
                0x000000000200b608                swiDecompressHuffman
 .text.swiDecompressRLEWram
                0x000000000200b60c        0x4 /opt/devkitpro/libnds/lib/libnds9.a(biosCalls.o)
                0x000000000200b60c                swiDecompressRLEWram
 .text.swiDecompressRLEVram
                0x000000000200b610        0x4 /opt/devkitpro/libnds/lib/libnds9.a(biosCalls.o)
                0x000000000200b610                swiDecompressRLEVram
 .text.swiSoftReset
                0x000000000200b614       0x2c /opt/devkitpro/libnds/lib/libnds9.a(swiSoftReset.o)
                0x000000000200b614                swiSoftReset
 .text.systemValueHandler
                0x000000000200b640       0x48 /opt/devkitpro/libnds/lib/libnds9.a(system.o)
                0x000000000200b640                systemValueHandler
 .text.systemMsgHandler
                0x000000000200b688       0x60 /opt/devkitpro/libnds/lib/libnds9.a(system.o)
                0x000000000200b688                systemMsgHandler
 .text.powerOn  0x000000000200b6e8       0x2c /opt/devkitpro/libnds/lib/libnds9.a(system.o)
                0x000000000200b6e8                powerOn
 .text.DC_FlushRange
                0x000000000200b714       0x24 /opt/devkitpro/libnds/lib/libnds9.a(dcache.o)
                0x000000000200b714                DC_FlushRange
 .text.__muldi3
                0x000000000200b738       0x18 /opt/devkitpro/devkitARM/bin/../lib/gcc/arm-none-eabi/12.1.0/libgcc.a(_muldi3.o)
                0x000000000200b738                __aeabi_lmul
                0x000000000200b738                __muldi3
 .text.__udivmoddi4
                0x000000000200b750      0x128 /opt/devkitpro/devkitARM/bin/../lib/gcc/arm-none-eabi/12.1.0/libgcc.a(_udivmoddi4.o)
                0x000000000200b750                __udivmoddi4
 .text.calloc   0x000000000200b878       0x24 /opt/devkitpro/devkitARM/bin/../lib/gcc/arm-none-eabi/12.1.0/../../../../arm-none-eabi/lib/libg.a(lib_a-calloc.o)
                0x000000000200b878                calloc
 .text._calloc_r
                0x000000000200b89c       0xd0 /opt/devkitpro/devkitARM/bin/../lib/gcc/arm-none-eabi/12.1.0/../../../../arm-none-eabi/lib/libg.a(lib_a-callocr.o)
                0x000000000200b89c                _calloc_r
 .text.__errno  0x000000000200b96c       0x10 /opt/devkitpro/devkitARM/bin/../lib/gcc/arm-none-eabi/12.1.0/../../../../arm-none-eabi/lib/libg.a(lib_a-errno.o)
                0x000000000200b96c                __errno
 .text.__libc_init_array
                0x000000000200b97c       0x90 /opt/devkitpro/devkitARM/bin/../lib/gcc/arm-none-eabi/12.1.0/../../../../arm-none-eabi/lib/libg.a(lib_a-init.o)
                0x000000000200b97c                __libc_init_array
 .text.localtime_r
                0x000000000200ba0c      0x370 /opt/devkitpro/devkitARM/bin/../lib/gcc/arm-none-eabi/12.1.0/../../../../arm-none-eabi/lib/libg.a(lib_a-lcltime_r.o)
                0x000000000200ba0c                localtime_r
 .text.__locale_mb_cur_max
                0x000000000200bd7c       0x10 /opt/devkitpro/devkitARM/bin/../lib/gcc/arm-none-eabi/12.1.0/../../../../arm-none-eabi/lib/libg.a(lib_a-locale.o)
                0x000000000200bd7c                __locale_mb_cur_max
 .text.malloc   0x000000000200bd8c       0x1c /opt/devkitpro/devkitARM/bin/../lib/gcc/arm-none-eabi/12.1.0/../../../../arm-none-eabi/lib/libg.a(lib_a-malloc.o)
                0x000000000200bd8c                malloc
 .text.free     0x000000000200bda8       0x1c /opt/devkitpro/devkitARM/bin/../lib/gcc/arm-none-eabi/12.1.0/../../../../arm-none-eabi/lib/libg.a(lib_a-malloc.o)
                0x000000000200bda8                free
 .text._malloc_r
                0x000000000200bdc4      0x7f0 /opt/devkitpro/devkitARM/bin/../lib/gcc/arm-none-eabi/12.1.0/../../../../arm-none-eabi/lib/libg.a(lib_a-mallocr.o)
                0x000000000200bdc4                _malloc_r
 .text._mbrtowc_r
                0x000000000200c5b4       0x70 /opt/devkitpro/devkitARM/bin/../lib/gcc/arm-none-eabi/12.1.0/../../../../arm-none-eabi/lib/libg.a(lib_a-mbrtowc.o)
                0x000000000200c5b4                _mbrtowc_r
 .text.mbrtowc  0x000000000200c624       0x88 /opt/devkitpro/devkitARM/bin/../lib/gcc/arm-none-eabi/12.1.0/../../../../arm-none-eabi/lib/libg.a(lib_a-mbrtowc.o)
                0x000000000200c624                mbrtowc
 .text.mbsrtowcs
                0x000000000200c6ac       0x40 /opt/devkitpro/devkitARM/bin/../lib/gcc/arm-none-eabi/12.1.0/../../../../arm-none-eabi/lib/libg.a(lib_a-mbsrtowcs.o)
                0x000000000200c6ac                mbsrtowcs
 .text.__utf8_mbtowc
                0x000000000200c6ec      0x308 /opt/devkitpro/devkitARM/bin/../lib/gcc/arm-none-eabi/12.1.0/../../../../arm-none-eabi/lib/libg.a(lib_a-mbtowc_r.o)
                0x000000000200c6ec                __utf8_mbtowc
 .text.memcmp   0x000000000200c9f4       0xbc /opt/devkitpro/devkitARM/bin/../lib/gcc/arm-none-eabi/12.1.0/../../../../arm-none-eabi/lib/libg.a(lib_a-memcmp.o)
                0x000000000200c9f4                memcmp
 .text.memcpy   0x000000000200cab0      0x114 /opt/devkitpro/devkitARM/bin/../lib/gcc/arm-none-eabi/12.1.0/../../../../arm-none-eabi/lib/libg.a(lib_a-memcpy-stub.o)
                0x000000000200cab0                memcpy
 .text.memmove  0x000000000200cbc4      0x154 /opt/devkitpro/devkitARM/bin/../lib/gcc/arm-none-eabi/12.1.0/../../../../arm-none-eabi/lib/libg.a(lib_a-memmove.o)
                0x000000000200cbc4                memmove
 .text.memset   0x000000000200cd18       0xfc /opt/devkitpro/devkitARM/bin/../lib/gcc/arm-none-eabi/12.1.0/../../../../arm-none-eabi/lib/libg.a(lib_a-memset.o)
                0x000000000200cd18                memset
 .text.validate_structure
                0x000000000200ce14      0x2e0 /opt/devkitpro/devkitARM/bin/../lib/gcc/arm-none-eabi/12.1.0/../../../../arm-none-eabi/lib/libg.a(lib_a-mktime.o)
 .text.mktime   0x000000000200d0f4      0x4c0 /opt/devkitpro/devkitARM/bin/../lib/gcc/arm-none-eabi/12.1.0/../../../../arm-none-eabi/lib/libg.a(lib_a-mktime.o)
                0x000000000200d0f4                mktime
 .text.__malloc_lock
                0x000000000200d5b4       0x18 /opt/devkitpro/devkitARM/bin/../lib/gcc/arm-none-eabi/12.1.0/../../../../arm-none-eabi/lib/libg.a(lib_a-mlock.o)
                0x000000000200d5b4                __malloc_lock
 .text.__malloc_unlock
                0x000000000200d5cc       0x18 /opt/devkitpro/devkitARM/bin/../lib/gcc/arm-none-eabi/12.1.0/../../../../arm-none-eabi/lib/libg.a(lib_a-mlock.o)
                0x000000000200d5cc                __malloc_unlock
 .text.setvbuf  0x000000000200d5e4      0x25c /opt/devkitpro/devkitARM/bin/../lib/gcc/arm-none-eabi/12.1.0/../../../../arm-none-eabi/lib/libg.a(lib_a-setvbuf.o)
                0x000000000200d5e4                setvbuf
 .text.siscanf  0x000000000200d840       0x74 /opt/devkitpro/devkitARM/bin/../lib/gcc/arm-none-eabi/12.1.0/../../../../arm-none-eabi/lib/libg.a(lib_a-siscanf.o)
                0x000000000200d840                siscanf
 .text.__sread  0x000000000200d8b4       0x4c /opt/devkitpro/devkitARM/bin/../lib/gcc/arm-none-eabi/12.1.0/../../../../arm-none-eabi/lib/libg.a(lib_a-stdio.o)
                0x000000000200d8b4                __sread
 .text.__seofread
                0x000000000200d900        0x8 /opt/devkitpro/devkitARM/bin/../lib/gcc/arm-none-eabi/12.1.0/../../../../arm-none-eabi/lib/libg.a(lib_a-stdio.o)
                0x000000000200d900                __seofread
 .text.__swrite
                0x000000000200d908       0x6c /opt/devkitpro/devkitARM/bin/../lib/gcc/arm-none-eabi/12.1.0/../../../../arm-none-eabi/lib/libg.a(lib_a-stdio.o)
                0x000000000200d908                __swrite
 .text.__sseek  0x000000000200d974       0x48 /opt/devkitpro/devkitARM/bin/../lib/gcc/arm-none-eabi/12.1.0/../../../../arm-none-eabi/lib/libg.a(lib_a-stdio.o)
                0x000000000200d974                __sseek
 .text.__sclose
                0x000000000200d9bc       0x14 /opt/devkitpro/devkitARM/bin/../lib/gcc/arm-none-eabi/12.1.0/../../../../arm-none-eabi/lib/libg.a(lib_a-stdio.o)
                0x000000000200d9bc                __sclose
 .text.stpcpy   0x000000000200d9d0       0x74 /opt/devkitpro/devkitARM/bin/../lib/gcc/arm-none-eabi/12.1.0/../../../../arm-none-eabi/lib/libg.a(lib_a-stpcpy.o)
                0x000000000200d9d0                stpcpy
 .text.strchr   0x000000000200da44      0x13c /opt/devkitpro/devkitARM/bin/../lib/gcc/arm-none-eabi/12.1.0/../../../../arm-none-eabi/lib/libg.a(lib_a-strchr.o)
                0x000000000200da44                strchr
 .text.strcpy   0x000000000200db80       0xf0 /opt/devkitpro/devkitARM/bin/../lib/gcc/arm-none-eabi/12.1.0/../../../../arm-none-eabi/lib/libg.a(lib_a-strcpy.o)
                0x000000000200db80                strcpy
 .text.strlen   0x000000000200dc70       0x60 /opt/devkitpro/devkitARM/bin/../lib/gcc/arm-none-eabi/12.1.0/../../../../arm-none-eabi/lib/libg.a(lib_a-strlen-stub.o)
                0x000000000200dc70                strlen
 .text.strncasecmp
                0x000000000200dcd0       0x8c /opt/devkitpro/devkitARM/bin/../lib/gcc/arm-none-eabi/12.1.0/../../../../arm-none-eabi/lib/libg.a(lib_a-strncasecmp.o)
                0x000000000200dcd0                strncasecmp
 .text.strncmp  0x000000000200dd5c       0xec /opt/devkitpro/devkitARM/bin/../lib/gcc/arm-none-eabi/12.1.0/../../../../arm-none-eabi/lib/libg.a(lib_a-strncmp.o)
                0x000000000200dd5c                strncmp
 .text.strncpy  0x000000000200de48       0xd0 /opt/devkitpro/devkitARM/bin/../lib/gcc/arm-none-eabi/12.1.0/../../../../arm-none-eabi/lib/libg.a(lib_a-strncpy.o)
                0x000000000200de48                strncpy
 .text.strnlen  0x000000000200df18       0x48 /opt/devkitpro/devkitARM/bin/../lib/gcc/arm-none-eabi/12.1.0/../../../../arm-none-eabi/lib/libg.a(lib_a-strnlen.o)
                0x000000000200df18                strnlen
 .text.strpbrk  0x000000000200df60       0x7c /opt/devkitpro/devkitARM/bin/../lib/gcc/arm-none-eabi/12.1.0/../../../../arm-none-eabi/lib/libg.a(lib_a-strpbrk.o)
                0x000000000200df60                strpbrk
 .text.strrchr  0x000000000200dfdc       0x58 /opt/devkitpro/devkitARM/bin/../lib/gcc/arm-none-eabi/12.1.0/../../../../arm-none-eabi/lib/libg.a(lib_a-strrchr.o)
                0x000000000200dfdc                strrchr
 .text._strtol_l.part.0
                0x000000000200e034      0x1a8 /opt/devkitpro/devkitARM/bin/../lib/gcc/arm-none-eabi/12.1.0/../../../../arm-none-eabi/lib/libg.a(lib_a-strtol.o)
 .text._strtol_r
                0x000000000200e1dc       0x3c /opt/devkitpro/devkitARM/bin/../lib/gcc/arm-none-eabi/12.1.0/../../../../arm-none-eabi/lib/libg.a(lib_a-strtol.o)
                0x000000000200e1dc                _strtol_r
 .text.get_arg  0x000000000200e218       0x54 /opt/devkitpro/devkitARM/bin/../lib/gcc/arm-none-eabi/12.1.0/../../../../arm-none-eabi/lib/libg.a(lib_a-svfiscanf.o)
 .text._sungetc_r
                0x000000000200e26c       0xdc /opt/devkitpro/devkitARM/bin/../lib/gcc/arm-none-eabi/12.1.0/../../../../arm-none-eabi/lib/libg.a(lib_a-svfiscanf.o)
                0x000000000200e26c                _sungetc_r
 .text.__ssrefill_r
                0x000000000200e348       0x68 /opt/devkitpro/devkitARM/bin/../lib/gcc/arm-none-eabi/12.1.0/../../../../arm-none-eabi/lib/libg.a(lib_a-svfiscanf.o)
                0x000000000200e348                __ssrefill_r
 .text._sfread_r
                0x000000000200e3b0       0xc8 /opt/devkitpro/devkitARM/bin/../lib/gcc/arm-none-eabi/12.1.0/../../../../arm-none-eabi/lib/libg.a(lib_a-svfiscanf.o)
                0x000000000200e3b0                _sfread_r
 .text.__ssvfiscanf_r
                0x000000000200e478     0x2338 /opt/devkitpro/devkitARM/bin/../lib/gcc/arm-none-eabi/12.1.0/../../../../arm-none-eabi/lib/libg.a(lib_a-svfiscanf.o)
                0x000000000200e478                __ssvfiscanf_r
 .text.time     0x00000000020107b0       0x40 /opt/devkitpro/devkitARM/bin/../lib/gcc/arm-none-eabi/12.1.0/../../../../arm-none-eabi/lib/libg.a(lib_a-time.o)
                0x00000000020107b0                time
 .text.towlower
                0x00000000020107f0       0x14 /opt/devkitpro/devkitARM/bin/../lib/gcc/arm-none-eabi/12.1.0/../../../../arm-none-eabi/lib/libg.a(lib_a-towlower.o)
                0x00000000020107f0                towlower
 .text.towupper
                0x0000000002010804       0x14 /opt/devkitpro/devkitARM/bin/../lib/gcc/arm-none-eabi/12.1.0/../../../../arm-none-eabi/lib/libg.a(lib_a-towupper.o)
                0x0000000002010804                towupper
 .text.__tzcalc_limits
                0x0000000002010818      0x254 /opt/devkitpro/devkitARM/bin/../lib/gcc/arm-none-eabi/12.1.0/../../../../arm-none-eabi/lib/libg.a(lib_a-tzcalc_limits.o)
                0x0000000002010818                __tzcalc_limits
 .text.__tz_lock
                0x0000000002010a6c       0x18 /opt/devkitpro/devkitARM/bin/../lib/gcc/arm-none-eabi/12.1.0/../../../../arm-none-eabi/lib/libg.a(lib_a-tzlock.o)
                0x0000000002010a6c                __tz_lock
 .text.__tz_unlock
                0x0000000002010a84       0x18 /opt/devkitpro/devkitARM/bin/../lib/gcc/arm-none-eabi/12.1.0/../../../../arm-none-eabi/lib/libg.a(lib_a-tzlock.o)
                0x0000000002010a84                __tz_unlock
 .text._tzset_unlocked
                0x0000000002010a9c       0x14 /opt/devkitpro/devkitARM/bin/../lib/gcc/arm-none-eabi/12.1.0/../../../../arm-none-eabi/lib/libg.a(lib_a-tzset.o)
                0x0000000002010a9c                _tzset_unlocked
 .text._tzset_unlocked_r
                0x0000000002010ab0      0x47c /opt/devkitpro/devkitARM/bin/../lib/gcc/arm-none-eabi/12.1.0/../../../../arm-none-eabi/lib/libg.a(lib_a-tzset_r.o)
                0x0000000002010ab0                _tzset_unlocked_r
 .text.__submore
                0x0000000002010f2c       0xa8 /opt/devkitpro/devkitARM/bin/../lib/gcc/arm-none-eabi/12.1.0/../../../../arm-none-eabi/lib/libg.a(lib_a-ungetc.o)
                0x0000000002010f2c                __submore
 .text.wcrtomb  0x0000000002010fd4       0x78 /opt/devkitpro/devkitARM/bin/../lib/gcc/arm-none-eabi/12.1.0/../../../../arm-none-eabi/lib/libg.a(lib_a-wcrtomb.o)
                0x0000000002010fd4                wcrtomb
 .text.wctob    0x000000000201104c       0x70 /opt/devkitpro/devkitARM/bin/../lib/gcc/arm-none-eabi/12.1.0/../../../../arm-none-eabi/lib/libg.a(lib_a-wctob.o)
                0x000000000201104c                wctob
 .text.__utf8_wctomb
                0x00000000020110bc       0xf4 /opt/devkitpro/devkitARM/bin/../lib/gcc/arm-none-eabi/12.1.0/../../../../arm-none-eabi/lib/libg.a(lib_a-wctomb_r.o)
                0x00000000020110bc                __utf8_wctomb
 .text.div      0x00000000020111b0       0x2c /opt/devkitpro/devkitARM/bin/../lib/gcc/arm-none-eabi/12.1.0/../../../../arm-none-eabi/lib/libg.a(lib_a-div.o)
                0x00000000020111b0                div
 .text.__sflush_r
                0x00000000020111dc      0x250 /opt/devkitpro/devkitARM/bin/../lib/gcc/arm-none-eabi/12.1.0/../../../../arm-none-eabi/lib/libg.a(lib_a-fflush.o)
                0x00000000020111dc                __sflush_r
 .text._fflush_r
                0x000000000201142c       0x9c /opt/devkitpro/devkitARM/bin/../lib/gcc/arm-none-eabi/12.1.0/../../../../arm-none-eabi/lib/libg.a(lib_a-fflush.o)
                0x000000000201142c                _fflush_r
 .text._cleanup_r
                0x00000000020114c8       0x18 /opt/devkitpro/devkitARM/bin/../lib/gcc/arm-none-eabi/12.1.0/../../../../arm-none-eabi/lib/libg.a(lib_a-findfp.o)
                0x00000000020114c8                _cleanup_r
 .text.__sinit  0x00000000020114e0      0x18c /opt/devkitpro/devkitARM/bin/../lib/gcc/arm-none-eabi/12.1.0/../../../../arm-none-eabi/lib/libg.a(lib_a-findfp.o)
                0x00000000020114e0                __sinit
 .text.__sfp_lock_acquire
                0x000000000201166c       0x18 /opt/devkitpro/devkitARM/bin/../lib/gcc/arm-none-eabi/12.1.0/../../../../arm-none-eabi/lib/libg.a(lib_a-findfp.o)
                0x000000000201166c                __sfp_lock_acquire
 .text.__sfp_lock_release
                0x0000000002011684       0x18 /opt/devkitpro/devkitARM/bin/../lib/gcc/arm-none-eabi/12.1.0/../../../../arm-none-eabi/lib/libg.a(lib_a-findfp.o)
                0x0000000002011684                __sfp_lock_release
 .text._malloc_trim_r
                0x000000000201169c      0x100 /opt/devkitpro/devkitARM/bin/../lib/gcc/arm-none-eabi/12.1.0/../../../../arm-none-eabi/lib/libg.a(lib_a-freer.o)
                0x000000000201169c                _malloc_trim_r
 .text._free_r  0x000000000201179c      0x2e8 /opt/devkitpro/devkitARM/bin/../lib/gcc/arm-none-eabi/12.1.0/../../../../arm-none-eabi/lib/libg.a(lib_a-freer.o)
                0x000000000201179c                _free_r
 .text._fwalk_reent
                0x0000000002011a84       0x78 /opt/devkitpro/devkitARM/bin/../lib/gcc/arm-none-eabi/12.1.0/../../../../arm-none-eabi/lib/libg.a(lib_a-fwalk.o)
                0x0000000002011a84                _fwalk_reent
 .text._findenv_r
                0x0000000002011afc       0xd0 /opt/devkitpro/devkitARM/bin/../lib/gcc/arm-none-eabi/12.1.0/../../../../arm-none-eabi/lib/libg.a(lib_a-getenv_r.o)
                0x0000000002011afc                _findenv_r
 .text._getenv_r
                0x0000000002011bcc       0x1c /opt/devkitpro/devkitARM/bin/../lib/gcc/arm-none-eabi/12.1.0/../../../../arm-none-eabi/lib/libg.a(lib_a-getenv_r.o)
                0x0000000002011bcc                _getenv_r
 .text.__gettzinfo
                0x0000000002011be8        0xc /opt/devkitpro/devkitARM/bin/../lib/gcc/arm-none-eabi/12.1.0/../../../../arm-none-eabi/lib/libg.a(lib_a-gettzinfo.o)
                0x0000000002011be8                __gettzinfo
 .text.gmtime_r
                0x0000000002011bf4      0x26c /opt/devkitpro/devkitARM/bin/../lib/gcc/arm-none-eabi/12.1.0/../../../../arm-none-eabi/lib/libg.a(lib_a-gmtime_r.o)
                0x0000000002011bf4                gmtime_r
 .text.iswspace
                0x0000000002011e60       0x14 /opt/devkitpro/devkitARM/bin/../lib/gcc/arm-none-eabi/12.1.0/../../../../arm-none-eabi/lib/libg.a(lib_a-iswspace.o)
                0x0000000002011e60                iswspace
 .text.__swhatbuf_r
                0x0000000002011e74       0x80 /opt/devkitpro/devkitARM/bin/../lib/gcc/arm-none-eabi/12.1.0/../../../../arm-none-eabi/lib/libg.a(lib_a-makebuf.o)
                0x0000000002011e74                __swhatbuf_r
 .text._mbsnrtowcs_r
                0x0000000002011ef4      0x104 /opt/devkitpro/devkitARM/bin/../lib/gcc/arm-none-eabi/12.1.0/../../../../arm-none-eabi/lib/libg.a(lib_a-mbsnrtowcs.o)
                0x0000000002011ef4                _mbsnrtowcs_r
 .text.realloc  0x0000000002011ff8       0x24 /opt/devkitpro/devkitARM/bin/../lib/gcc/arm-none-eabi/12.1.0/../../../../arm-none-eabi/lib/libg.a(lib_a-realloc.o)
                0x0000000002011ff8                realloc
 .text._realloc_r
                0x000000000201201c      0x4b8 /opt/devkitpro/devkitARM/bin/../lib/gcc/arm-none-eabi/12.1.0/../../../../arm-none-eabi/lib/libg.a(lib_a-reallocr.o)
                0x000000000201201c                _realloc_r
 .text.__sccl   0x00000000020124d4       0xe4 /opt/devkitpro/devkitARM/bin/../lib/gcc/arm-none-eabi/12.1.0/../../../../arm-none-eabi/lib/libg.a(lib_a-sccl.o)
                0x00000000020124d4                __sccl
 .text._strtoll_l.constprop.0
                0x00000000020125b8      0x234 /opt/devkitpro/devkitARM/bin/../lib/gcc/arm-none-eabi/12.1.0/../../../../arm-none-eabi/lib/libg.a(lib_a-strtoll.o)
 .text._strtoll_r
                0x00000000020127ec        0x4 /opt/devkitpro/devkitARM/bin/../lib/gcc/arm-none-eabi/12.1.0/../../../../arm-none-eabi/lib/libg.a(lib_a-strtoll.o)
                0x00000000020127ec                _strtoll_r
 .text._strtoull_l.constprop.0
                0x00000000020127f0      0x248 /opt/devkitpro/devkitARM/bin/../lib/gcc/arm-none-eabi/12.1.0/../../../../arm-none-eabi/lib/libg.a(lib_a-strtoull.o)
 .text._strtoull_r
                0x0000000002012a38        0x4 /opt/devkitpro/devkitARM/bin/../lib/gcc/arm-none-eabi/12.1.0/../../../../arm-none-eabi/lib/libg.a(lib_a-strtoull.o)
                0x0000000002012a38                _strtoull_r
 .text._strtoul_l.constprop.0
                0x0000000002012a3c      0x1c8 /opt/devkitpro/devkitARM/bin/../lib/gcc/arm-none-eabi/12.1.0/../../../../arm-none-eabi/lib/libg.a(lib_a-strtoul.o)
 .text._strtoul_r
                0x0000000002012c04        0x4 /opt/devkitpro/devkitARM/bin/../lib/gcc/arm-none-eabi/12.1.0/../../../../arm-none-eabi/lib/libg.a(lib_a-strtoul.o)
                0x0000000002012c04                _strtoul_r
 .text.strtoul  0x0000000002012c08       0x28 /opt/devkitpro/devkitARM/bin/../lib/gcc/arm-none-eabi/12.1.0/../../../../arm-none-eabi/lib/libg.a(lib_a-strtoul.o)
                0x0000000002012c08                strtoul
 .text.towctrans
                0x0000000002012c30       0x48 /opt/devkitpro/devkitARM/bin/../lib/gcc/arm-none-eabi/12.1.0/../../../../arm-none-eabi/lib/libg.a(lib_a-towctrans.o)
                0x0000000002012c30                towctrans
 .text.__env_lock
                0x0000000002012c78       0x18 /opt/devkitpro/devkitARM/bin/../lib/gcc/arm-none-eabi/12.1.0/../../../../arm-none-eabi/lib/libg.a(lib_a-envlock.o)
                0x0000000002012c78                __env_lock
 .text.__env_unlock
                0x0000000002012c90       0x18 /opt/devkitpro/devkitARM/bin/../lib/gcc/arm-none-eabi/12.1.0/../../../../arm-none-eabi/lib/libg.a(lib_a-envlock.o)
                0x0000000002012c90                __env_unlock
 .text._fclose_r
                0x0000000002012ca8      0x164 /opt/devkitpro/devkitARM/bin/../lib/gcc/arm-none-eabi/12.1.0/../../../../arm-none-eabi/lib/libg.a(lib_a-fclose.o)
                0x0000000002012ca8                _fclose_r
 .text.iswspace_l
                0x0000000002012e0c       0x44 /opt/devkitpro/devkitARM/bin/../lib/gcc/arm-none-eabi/12.1.0/../../../../arm-none-eabi/lib/libg.a(lib_a-iswspace_l.o)
                0x0000000002012e0c                iswspace_l
 .text.__jp2uc  0x0000000002012e50      0x1e8 /opt/devkitpro/devkitARM/bin/../lib/gcc/arm-none-eabi/12.1.0/../../../../arm-none-eabi/lib/libg.a(lib_a-jp2uc.o)
 .text._jp2uc_l
                0x0000000002013038       0x94 /opt/devkitpro/devkitARM/bin/../lib/gcc/arm-none-eabi/12.1.0/../../../../arm-none-eabi/lib/libg.a(lib_a-jp2uc.o)
                0x0000000002013038                _jp2uc_l
 .text._uc2jp_l
                0x00000000020130cc       0x74 /opt/devkitpro/devkitARM/bin/../lib/gcc/arm-none-eabi/12.1.0/../../../../arm-none-eabi/lib/libg.a(lib_a-jp2uc.o)
                0x00000000020130cc                _uc2jp_l
 .text.towctrans_l
                0x0000000002013140      0x274 /opt/devkitpro/devkitARM/bin/../lib/gcc/arm-none-eabi/12.1.0/../../../../arm-none-eabi/lib/libg.a(lib_a-towctrans_l.o)
                0x0000000002013140                towctrans_l
 .text.category
                0x00000000020133b4       0x94 /opt/devkitpro/devkitARM/bin/../lib/gcc/arm-none-eabi/12.1.0/../../../../arm-none-eabi/lib/libg.a(lib_a-categories.o)
                0x00000000020133b4                category
 .text.null_write
                0x0000000002013448        0x8 /opt/devkitpro/devkitARM/bin/../lib/gcc/arm-none-eabi/12.1.0/../../../../arm-none-eabi/lib/libsysbase.a(iosupport.o)
 .text.setDefaultDevice
                0x0000000002013450       0x18 /opt/devkitpro/devkitARM/bin/../lib/gcc/arm-none-eabi/12.1.0/../../../../arm-none-eabi/lib/libsysbase.a(iosupport.o)
                0x0000000002013450                setDefaultDevice
 .text.FindDevice
                0x0000000002013468       0xd4 /opt/devkitpro/devkitARM/bin/../lib/gcc/arm-none-eabi/12.1.0/../../../../arm-none-eabi/lib/libsysbase.a(iosupport.o)
                0x0000000002013468                FindDevice
 .text.AddDevice
                0x000000000201353c       0xa4 /opt/devkitpro/devkitARM/bin/../lib/gcc/arm-none-eabi/12.1.0/../../../../arm-none-eabi/lib/libsysbase.a(iosupport.o)
                0x000000000201353c                AddDevice
 .text.GetDeviceOpTab
                0x00000000020135e0       0x24 /opt/devkitpro/devkitARM/bin/../lib/gcc/arm-none-eabi/12.1.0/../../../../arm-none-eabi/lib/libsysbase.a(iosupport.o)
                0x00000000020135e0                GetDeviceOpTab
 .text._fstat_r
                0x0000000002013604       0x7c /opt/devkitpro/devkitARM/bin/../lib/gcc/arm-none-eabi/12.1.0/../../../../arm-none-eabi/lib/libsysbase.a(fstat.o)
                0x0000000002013604                _fstat_r
 .text._gettimeofday_r
                0x0000000002013680       0x34 /opt/devkitpro/devkitARM/bin/../lib/gcc/arm-none-eabi/12.1.0/../../../../arm-none-eabi/lib/libsysbase.a(gettod.o)
                0x0000000002013680                _gettimeofday_r
 .text._lseek_r
                0x00000000020136b4       0x88 /opt/devkitpro/devkitARM/bin/../lib/gcc/arm-none-eabi/12.1.0/../../../../arm-none-eabi/lib/libsysbase.a(lseek.o)
                0x00000000020136b4                _lseek_r
 .text._read_r  0x000000000201373c       0x84 /opt/devkitpro/devkitARM/bin/../lib/gcc/arm-none-eabi/12.1.0/../../../../arm-none-eabi/lib/libsysbase.a(read.o)
                0x000000000201373c                _read_r
 .text._sbrk_r  0x00000000020137c0       0x7c /opt/devkitpro/devkitARM/bin/../lib/gcc/arm-none-eabi/12.1.0/../../../../arm-none-eabi/lib/libsysbase.a(sbrk.o)
                0x00000000020137c0                _sbrk_r
 .text._write_r
                0x000000000201383c       0x84 /opt/devkitpro/devkitARM/bin/../lib/gcc/arm-none-eabi/12.1.0/../../../../arm-none-eabi/lib/libsysbase.a(write.o)
                0x000000000201383c                _write_r
 .text._concatenate_path
                0x00000000020138c0      0x1b0 /opt/devkitpro/devkitARM/bin/../lib/gcc/arm-none-eabi/12.1.0/../../../../arm-none-eabi/lib/libsysbase.a(chdir.o)
                0x00000000020138c0                _concatenate_path
 .text.chdir    0x0000000002013a70      0x148 /opt/devkitpro/devkitARM/bin/../lib/gcc/arm-none-eabi/12.1.0/../../../../arm-none-eabi/lib/libsysbase.a(chdir.o)
                0x0000000002013a70                chdir
 .text.build_argv
                0x0000000002013bb8       0x80 /opt/devkitpro/devkitARM/bin/../lib/gcc/arm-none-eabi/12.1.0/../../../../arm-none-eabi/lib/libsysbase.a(build_argv.o)
                0x0000000002013bb8                build_argv
 .text.__flockfile
                0x0000000002013c38       0x14 /opt/devkitpro/devkitARM/bin/../lib/gcc/arm-none-eabi/12.1.0/../../../../arm-none-eabi/lib/libsysbase.a(flock.o)
                0x0000000002013c38                __flockfile
 .text.__funlockfile
                0x0000000002013c4c       0x14 /opt/devkitpro/devkitARM/bin/../lib/gcc/arm-none-eabi/12.1.0/../../../../arm-none-eabi/lib/libsysbase.a(flock.o)
                0x0000000002013c4c                __funlockfile
 .text.__get_handle
                0x0000000002013c60       0x40 /opt/devkitpro/devkitARM/bin/../lib/gcc/arm-none-eabi/12.1.0/../../../../arm-none-eabi/lib/libsysbase.a(handle_manager.o)
                0x0000000002013c60                __get_handle
 .text._close_r
                0x0000000002013ca0       0xfc /opt/devkitpro/devkitARM/bin/../lib/gcc/arm-none-eabi/12.1.0/../../../../arm-none-eabi/lib/libsysbase.a(handle_manager.o)
                0x0000000002013ca0                _close_r
 .text.__getreent
                0x0000000002013d9c       0x30 /opt/devkitpro/devkitARM/bin/../lib/gcc/arm-none-eabi/12.1.0/../../../../arm-none-eabi/lib/libsysbase.a(getreent.o)
                0x0000000002013d9c                __getreent
 .text.__libc_lock_acquire
                0x0000000002013dcc       0x20 /opt/devkitpro/devkitARM/bin/../lib/gcc/arm-none-eabi/12.1.0/../../../../arm-none-eabi/lib/libsysbase.a(syscall_support.o)
                0x0000000002013dcc                __libc_lock_acquire
 .text.__libc_lock_release
                0x0000000002013dec       0x20 /opt/devkitpro/devkitARM/bin/../lib/gcc/arm-none-eabi/12.1.0/../../../../arm-none-eabi/lib/libsysbase.a(syscall_support.o)
                0x0000000002013dec                __libc_lock_release
 .text.__libc_lock_init_recursive
                0x0000000002013e0c       0x20 /opt/devkitpro/devkitARM/bin/../lib/gcc/arm-none-eabi/12.1.0/../../../../arm-none-eabi/lib/libsysbase.a(syscall_support.o)
                0x0000000002013e0c                __libc_lock_init_recursive
 .text.__libc_lock_acquire_recursive
                0x0000000002013e2c       0x20 /opt/devkitpro/devkitARM/bin/../lib/gcc/arm-none-eabi/12.1.0/../../../../arm-none-eabi/lib/libsysbase.a(syscall_support.o)
                0x0000000002013e2c                __libc_lock_acquire_recursive
 .text.__libc_lock_release_recursive
                0x0000000002013e4c       0x20 /opt/devkitpro/devkitARM/bin/../lib/gcc/arm-none-eabi/12.1.0/../../../../arm-none-eabi/lib/libsysbase.a(syscall_support.o)
                0x0000000002013e4c                __libc_lock_release_recursive
 .text.__libc_lock_close_recursive
                0x0000000002013e6c       0x20 /opt/devkitpro/devkitARM/bin/../lib/gcc/arm-none-eabi/12.1.0/../../../../arm-none-eabi/lib/libsysbase.a(syscall_support.o)
                0x0000000002013e6c                __libc_lock_close_recursive
 *fill*         0x0000000002013e8c        0x4 ff
 .text.__libc_lock_close_recursive.__stub
                0x0000000002013e90      0x1cc linker stubs
 *(EXCLUDE_FILE(*.twl*) .gnu.warning)
 *(EXCLUDE_FILE(*.twl*) .gnu.linkonce.t*)
 *(.glue_7)
 .glue_7        0x0000000002014080        0x0 linker stubs
 *(.glue_7t)
 .glue_7t       0x0000000002014080        0x0 linker stubs
                0x0000000002014080                . = ALIGN (0x4)

.vfp11_veneer   0x0000000002014080        0x0
 .vfp11_veneer  0x0000000002014080        0x0 linker stubs

.v4_bx          0x0000000002014080        0x0
 .v4_bx         0x0000000002014080        0x0 linker stubs

.iplt           0x0000000002014080        0x0
 .iplt          0x0000000002014080        0x0 /opt/devkitpro/devkitARM/bin/../lib/gcc/arm-none-eabi/12.1.0/../../../../arm-none-eabi/lib/ds_arm9_crt0.o

.fini           0x0000000002014080       0x18
 *(.fini)
 .fini          0x0000000002014080        0xc /opt/devkitpro/devkitARM/bin/../lib/gcc/arm-none-eabi/12.1.0/crti.o
                0x0000000002014080                _fini
 .fini          0x000000000201408c        0xc /opt/devkitpro/devkitARM/bin/../lib/gcc/arm-none-eabi/12.1.0/crtn.o
                0x0000000002014098                __text_end = .

.rodata         0x0000000002014098     0xa75c
 *(EXCLUDE_FILE(*.twl*) .rodata)
 .rodata        0x0000000002014098     0x16b8 bg.o
                0x0000000002014098                bgBitmap
                0x000000000201574c                bgPal
 *all.rodata*(*)
 *(EXCLUDE_FILE(*.twl*) .roda)
 *(EXCLUDE_FILE(*.twl*) .rodata.*)
 .rodata.fatMount.part.0.str1.4
                0x0000000002015750        0x2 /opt/devkitpro/libnds/lib/libfat.a(libfat.o)
 *fill*         0x0000000002015752        0x2 ff
 .rodata.fatInit.str1.4
                0x0000000002015754        0x3 /opt/devkitpro/libnds/lib/libfat.a(libfat.o)
 *fill*         0x0000000002015757        0x1 ff
 .rodata.str1.4
                0x0000000002015758        0x4 /opt/devkitpro/libnds/lib/libfat.a(libfat.o)
 .rodata.dotab_fat
                0x000000000201575c       0x70 /opt/devkitpro/libnds/lib/libfat.a(libfat.o)
 .rodata.str1.4
                0x00000000020157cc        0x3 /opt/devkitpro/libnds/lib/libfat.a(disc.o)
                                          0x8 (size before relaxing)
 *fill*         0x00000000020157cf        0x1 ff
 .rodata._FAT_disc_interfaces
                0x00000000020157d0       0x18 /opt/devkitpro/libnds/lib/libfat.a(disc.o)
                0x00000000020157d0                _FAT_disc_interfaces
 .rodata._FAT_directory_entryFromPath.str1.4
                0x00000000020157e8        0x7 /opt/devkitpro/libnds/lib/libfat.a(directory.o)
 *fill*         0x00000000020157ef        0x1 ff
 .rodata.ILLEGAL_ALIAS_CHARACTERS
                0x00000000020157f0       0x12 /opt/devkitpro/libnds/lib/libfat.a(directory.o)
 *fill*         0x0000000002015802        0x2 ff
 .rodata.ILLEGAL_LFN_CHARACTERS
                0x0000000002015804        0xa /opt/devkitpro/libnds/lib/libfat.a(directory.o)
 *fill*         0x000000000201580e        0x2 ff
 .rodata.LFN_offset_table
                0x0000000002015810       0x34 /opt/devkitpro/libnds/lib/libfat.a(directory.o)
 .rodata.FAT_SIG
                0x0000000002015844        0x3 /opt/devkitpro/libnds/lib/libfat.a(partition.o)
 *fill*         0x0000000002015847        0x1 ff
 .rodata.FS_TWL_SIG
                0x0000000002015848        0x8 /opt/devkitpro/libnds/lib/libfat.a(partition.o)
 .rodata.SIN_LUT
                0x0000000002015850      0x102 /opt/devkitpro/libnds/lib/libnds9.a(trig.o)
                0x0000000002015850                SIN_LUT
 *fill*         0x0000000002015952        0x2 ff
 .rodata.con_write.str1.4
                0x0000000002015954       0x30 /opt/devkitpro/libnds/lib/libnds9.a(console.o)
 .rodata.con_write
                0x0000000002015984       0xd4 /opt/devkitpro/libnds/lib/libnds9.a(console.o)
 .rodata.str1.4
                0x0000000002015a58       0x14 /opt/devkitpro/libnds/lib/libnds9.a(console.o)
 .rodata.dotab_stdout
                0x0000000002015a6c       0x70 /opt/devkitpro/libnds/lib/libnds9.a(console.o)
 .rodata.decompress
                0x0000000002015adc       0x14 /opt/devkitpro/libnds/lib/libnds9.a(decompress.o)
 .rodata.default_font_bin
                0x0000000002015af0     0x2000 /opt/devkitpro/libnds/lib/libnds9.a(default_font.bin.o)
                0x0000000002015af0                default_font_bin
                0x0000000002017af0                default_font_bin_end
 .rodata._ctype_
                0x0000000002017af0      0x101 /opt/devkitpro/devkitARM/bin/../lib/gcc/arm-none-eabi/12.1.0/../../../../arm-none-eabi/lib/libg.a(lib_a-ctype_.o)
                0x0000000002017af0                _ctype_
 *fill*         0x0000000002017bf1        0x3 ff
 .rodata.str1.4
                0x0000000002017bf4       0x44 /opt/devkitpro/devkitARM/bin/../lib/gcc/arm-none-eabi/12.1.0/../../../../arm-none-eabi/lib/libg.a(lib_a-locale.o)
                                         0x4c (size before relaxing)
 .rodata._mbrtowc_r.str1.4
                0x0000000002017c38        0x1 /opt/devkitpro/devkitARM/bin/../lib/gcc/arm-none-eabi/12.1.0/../../../../arm-none-eabi/lib/libg.a(lib_a-mbrtowc.o)
 .rodata._DAYS_BEFORE_MONTH
                0x0000000002017c38       0x30 /opt/devkitpro/devkitARM/bin/../lib/gcc/arm-none-eabi/12.1.0/../../../../arm-none-eabi/lib/libg.a(lib_a-mktime.o)
 .rodata.DAYS_IN_MONTH
                0x0000000002017c68       0x30 /opt/devkitpro/devkitARM/bin/../lib/gcc/arm-none-eabi/12.1.0/../../../../arm-none-eabi/lib/libg.a(lib_a-mktime.o)
 .rodata.__month_lengths
                0x0000000002017c98       0x60 /opt/devkitpro/devkitARM/bin/../lib/gcc/arm-none-eabi/12.1.0/../../../../arm-none-eabi/lib/libg.a(lib_a-month_lengths.o)
                0x0000000002017c98                __month_lengths
 .rodata.basefix.0
                0x0000000002017cf8       0x22 /opt/devkitpro/devkitARM/bin/../lib/gcc/arm-none-eabi/12.1.0/../../../../arm-none-eabi/lib/libg.a(lib_a-svfiscanf.o)
 *fill*         0x0000000002017d1a        0x2 ff
 .rodata._tzset_unlocked_r.str1.4
                0x0000000002017d1c       0x53 /opt/devkitpro/devkitARM/bin/../lib/gcc/arm-none-eabi/12.1.0/../../../../arm-none-eabi/lib/libg.a(lib_a-tzset_r.o)
 .rodata.str1.4
                0x0000000002017d6f        0x4 /opt/devkitpro/devkitARM/bin/../lib/gcc/arm-none-eabi/12.1.0/../../../../arm-none-eabi/lib/libg.a(lib_a-tzvars.o)
 *fill*         0x0000000002017d6f        0x1 ff
 .rodata._jp2uc_l.str1.4
                0x0000000002017d70       0x12 /opt/devkitpro/devkitARM/bin/../lib/gcc/arm-none-eabi/12.1.0/../../../../arm-none-eabi/lib/libg.a(lib_a-jp2uc.o)
 *fill*         0x0000000002017d82        0x2 ff
 .rodata.d02f4  0x0000000002017d84     0x1a7c /opt/devkitpro/devkitARM/bin/../lib/gcc/arm-none-eabi/12.1.0/../../../../arm-none-eabi/lib/libg.a(lib_a-jp2uc.o)
 .rodata.b02cf  0x0000000002019800     0x172a /opt/devkitpro/devkitARM/bin/../lib/gcc/arm-none-eabi/12.1.0/../../../../arm-none-eabi/lib/libg.a(lib_a-jp2uc.o)
 *fill*         0x000000000201af2a        0x2 ff
 .rodata.a8     0x000000000201af2c       0x40 /opt/devkitpro/devkitARM/bin/../lib/gcc/arm-none-eabi/12.1.0/../../../../arm-none-eabi/lib/libg.a(lib_a-jp2uc.o)
 .rodata.a7     0x000000000201af6c       0xa2 /opt/devkitpro/devkitARM/bin/../lib/gcc/arm-none-eabi/12.1.0/../../../../arm-none-eabi/lib/libg.a(lib_a-jp2uc.o)
 *fill*         0x000000000201b00e        0x2 ff
 .rodata.a6     0x000000000201b010       0x70 /opt/devkitpro/devkitARM/bin/../lib/gcc/arm-none-eabi/12.1.0/../../../../arm-none-eabi/lib/libg.a(lib_a-jp2uc.o)
 .rodata.a3     0x000000000201b080       0x5b /opt/devkitpro/devkitARM/bin/../lib/gcc/arm-none-eabi/12.1.0/../../../../arm-none-eabi/lib/libg.a(lib_a-jp2uc.o)
 *fill*         0x000000000201b0db        0x1 ff
 .rodata.a2     0x000000000201b0dc       0xbc /opt/devkitpro/devkitARM/bin/../lib/gcc/arm-none-eabi/12.1.0/../../../../arm-none-eabi/lib/libg.a(lib_a-jp2uc.o)
 .rodata.a1     0x000000000201b198       0xbc /opt/devkitpro/devkitARM/bin/../lib/gcc/arm-none-eabi/12.1.0/../../../../arm-none-eabi/lib/libg.a(lib_a-jp2uc.o)
 .rodata.categories
                0x000000000201b254     0x3528 /opt/devkitpro/devkitARM/bin/../lib/gcc/arm-none-eabi/12.1.0/../../../../arm-none-eabi/lib/libg.a(lib_a-categories.o)
 .rodata.AddDevice.str1.4
                0x000000000201e77c        0x8 /opt/devkitpro/devkitARM/bin/../lib/gcc/arm-none-eabi/12.1.0/../../../../arm-none-eabi/lib/libsysbase.a(iosupport.o)
 .rodata.dotab_stdnull
                0x000000000201e784       0x70 /opt/devkitpro/devkitARM/bin/../lib/gcc/arm-none-eabi/12.1.0/../../../../arm-none-eabi/lib/libsysbase.a(iosupport.o)
                0x000000000201e784                dotab_stdnull
 *(EXCLUDE_FILE(*.twl*) .gnu.linkonce.r*)
                0x000000000201e7f4                . = ALIGN (0x4)

.ARM.extab
 *(.ARM.extab* .gnu.linkonce.armextab.*)
                0x000000000201e7f4                __exidx_start = .

ARM.exidx
 *(.ARM.exidx* .gnu.linkonce.armexidx.*)
                0x000000000201e7f4                __exidx_end = .
                0x000000000201e7f4                . = ALIGN (0x4)
                0x000000000201e7f4                PROVIDE (__preinit_array_start = .)

.preinit_array
 *(.preinit_array)
                0x000000000201e7f4                PROVIDE (__preinit_array_end = .)
                0x000000000201e7f4                PROVIDE (__init_array_start = .)

.init_array     0x000000000201e7f4        0x4
 *(SORT_BY_NAME(.init_array.*))
 *(.init_array)
 .init_array    0x000000000201e7f4        0x4 /opt/devkitpro/devkitARM/bin/../lib/gcc/arm-none-eabi/12.1.0/crtbegin.o
                0x000000000201e7f8                PROVIDE (__init_array_end = .)
                [!provide]                        PROVIDE (__fini_array_start = .)

.fini_array     0x000000000201e7f8        0x4
 *(.fini_array)
 .fini_array    0x000000000201e7f8        0x4 /opt/devkitpro/devkitARM/bin/../lib/gcc/arm-none-eabi/12.1.0/crtbegin.o
 *(SORT_BY_NAME(.fini_array.*))
                [!provide]                        PROVIDE (__fini_array_end = .)

.ctors          0x000000000201e7fc        0x0
 *crtbegin.o(.ctors)
 *(EXCLUDE_FILE(*crtend.o) .ctors)
 *(SORT_BY_NAME(.ctors.*))
 *(.ctors)
                0x000000000201e7fc                . = ALIGN (0x4)

.dtors          0x000000000201e7fc        0x0
 *crtbegin.o(.dtors)
 *(EXCLUDE_FILE(*crtend.o) .dtors)
 *(SORT_BY_NAME(.dtors.*))
 *(.dtors)
                0x000000000201e7fc                . = ALIGN (0x4)

.eh_frame       0x000000000201e7fc        0x4
 *(.eh_frame)
 .eh_frame      0x000000000201e7fc        0x0 /opt/devkitpro/devkitARM/bin/../lib/gcc/arm-none-eabi/12.1.0/crtbegin.o
 .eh_frame      0x000000000201e7fc        0x4 /opt/devkitpro/devkitARM/bin/../lib/gcc/arm-none-eabi/12.1.0/crtend.o
                0x000000000201e800                . = ALIGN (0x4)

.gcc_except_table
                0x000000000201e800        0x0
 *(.gcc_except_table)
                0x000000000201e800                . = ALIGN (0x4)

.jcr
 *(.jcr)

.got
 *(.got.plt)
 *(.got)
 *(.rel.got)

.ewram          0x000000000201e800        0x0
                0x000000000201e800                __ewram_start = ABSOLUTE (.)
 *(.ewram)
 *ewram.*(.text)
                0x000000000201e800                . = ALIGN (0x4)

.data           0x000000000201e800     0x27b8
                0x000000000201e800                __data_start = ABSOLUTE (.)
 *(EXCLUDE_FILE(*.twl*) .data)
 .data          0x000000000201e800       0x28 /opt/devkitpro/libnds/lib/libnds9.a(mpu_setup.o)
 *(EXCLUDE_FILE(*.twl*) .data.*)
 .data.bgControl
                0x000000000201e828       0x20 /opt/devkitpro/libnds/lib/libnds9.a(background.o)
                0x000000000201e828                bgControl
 .data.bgScrollTable
                0x000000000201e848       0x20 /opt/devkitpro/libnds/lib/libnds9.a(background.o)
                0x000000000201e848                bgScrollTable
 .data.bgTransform
                0x000000000201e868       0x20 /opt/devkitpro/libnds/lib/libnds9.a(background.o)
                0x000000000201e868                bgTransform
 .data.currentConsole
                0x000000000201e888        0x4 /opt/devkitpro/libnds/lib/libnds9.a(console.o)
                0x000000000201e888                currentConsole
 .data.defaultConsole
                0x000000000201e88c       0x5c /opt/devkitpro/libnds/lib/libnds9.a(console.o)
                0x000000000201e88c                defaultConsole
 .data.firstConsoleInit.0
                0x000000000201e8e8        0x1 /opt/devkitpro/libnds/lib/libnds9.a(console.o)
 *fill*         0x000000000201e8e9        0x3 ff
 .data.decomStream
                0x000000000201e8ec        0xc /opt/devkitpro/libnds/lib/libnds9.a(decompress.o)
                0x000000000201e8ec                decomStream
 .data.fifo_buffer_free
                0x000000000201e8f8        0x4 /opt/devkitpro/libnds/lib/libnds9.a(fifosystem.o)
                0x000000000201e8f8                fifo_buffer_free
 .data.fifo_freewords
                0x000000000201e8fc        0x4 /opt/devkitpro/libnds/lib/libnds9.a(fifosystem.o)
                0x000000000201e8fc                fifo_freewords
 .data.fifo_receive_queue
                0x000000000201e900        0x4 /opt/devkitpro/libnds/lib/libnds9.a(fifosystem.o)
                0x000000000201e900                fifo_receive_queue
 .data.fifo_send_queue
                0x000000000201e904        0x4 /opt/devkitpro/libnds/lib/libnds9.a(fifosystem.o)
                0x000000000201e904                fifo_send_queue
 .data.__global_locale
                0x000000000201e908      0x16c /opt/devkitpro/devkitARM/bin/../lib/gcc/arm-none-eabi/12.1.0/../../../../arm-none-eabi/lib/libg.a(lib_a-locale.o)
                0x000000000201e908                __global_locale
 .data.__malloc_sbrk_base
                0x000000000201ea74        0x4 /opt/devkitpro/devkitARM/bin/../lib/gcc/arm-none-eabi/12.1.0/../../../../arm-none-eabi/lib/libg.a(lib_a-mallocr.o)
                0x000000000201ea74                __malloc_sbrk_base
 .data.__malloc_trim_threshold
                0x000000000201ea78        0x4 /opt/devkitpro/devkitARM/bin/../lib/gcc/arm-none-eabi/12.1.0/../../../../arm-none-eabi/lib/libg.a(lib_a-mallocr.o)
                0x000000000201ea78                __malloc_trim_threshold
 *fill*         0x000000000201ea7c        0x4 ff
 .data.__malloc_av_
                0x000000000201ea80      0x408 /opt/devkitpro/devkitARM/bin/../lib/gcc/arm-none-eabi/12.1.0/../../../../arm-none-eabi/lib/libg.a(lib_a-mallocr.o)
                0x000000000201ea80                __malloc_av_
 .data._tzname  0x000000000201ee88        0x8 /opt/devkitpro/devkitARM/bin/../lib/gcc/arm-none-eabi/12.1.0/../../../../arm-none-eabi/lib/libg.a(lib_a-tzvars.o)
                0x000000000201ee88                _tzname
 .data.tzinfo   0x000000000201ee90       0x58 /opt/devkitpro/devkitARM/bin/../lib/gcc/arm-none-eabi/12.1.0/../../../../arm-none-eabi/lib/libg.a(lib_a-gettzinfo.o)
 .data._impure_ptr
                0x000000000201eee8        0x4 /opt/devkitpro/devkitARM/bin/../lib/gcc/arm-none-eabi/12.1.0/../../../../arm-none-eabi/lib/libg.a(lib_a-impure.o)
                0x000000000201eee8                _impure_ptr
 *fill*         0x000000000201eeec        0x4 ff
 .data.impure_data
                0x000000000201eef0      0x460 /opt/devkitpro/devkitARM/bin/../lib/gcc/arm-none-eabi/12.1.0/../../../../arm-none-eabi/lib/libg.a(lib_a-impure.o)
 .data.environ  0x000000000201f350        0x4 /opt/devkitpro/devkitARM/bin/../lib/gcc/arm-none-eabi/12.1.0/../../../../arm-none-eabi/lib/libg.a(lib_a-environ.o)
                0x000000000201f350                environ
 .data.caseconv_table
                0x000000000201f354      0x7b0 /opt/devkitpro/devkitARM/bin/../lib/gcc/arm-none-eabi/12.1.0/../../../../arm-none-eabi/lib/libg.a(lib_a-towctrans_l.o)
 .data.devoptab_list
                0x000000000201fb04       0x8c /opt/devkitpro/devkitARM/bin/../lib/gcc/arm-none-eabi/12.1.0/../../../../arm-none-eabi/lib/libsysbase.a(iosupport.o)
                0x000000000201fb04                devoptab_list
 .data.defaultDevice
                0x000000000201fb90        0x4 /opt/devkitpro/devkitARM/bin/../lib/gcc/arm-none-eabi/12.1.0/../../../../arm-none-eabi/lib/libsysbase.a(iosupport.o)
 .data._current_working_directory
                0x000000000201fb94      0x400 /opt/devkitpro/devkitARM/bin/../lib/gcc/arm-none-eabi/12.1.0/../../../../arm-none-eabi/lib/libsysbase.a(chdir.o)
 .data.handles  0x000000000201ff94     0x1000 /opt/devkitpro/devkitARM/bin/../lib/gcc/arm-none-eabi/12.1.0/../../../../arm-none-eabi/lib/libsysbase.a(handle_manager.o)
 .data.__stderr_handle
                0x0000000002020f94        0xc /opt/devkitpro/devkitARM/bin/../lib/gcc/arm-none-eabi/12.1.0/../../../../arm-none-eabi/lib/libsysbase.a(handle_manager.o)
 .data.__stdout_handle
                0x0000000002020fa0        0xc /opt/devkitpro/devkitARM/bin/../lib/gcc/arm-none-eabi/12.1.0/../../../../arm-none-eabi/lib/libsysbase.a(handle_manager.o)
 .data.__stdin_handle
                0x0000000002020fac        0xc /opt/devkitpro/devkitARM/bin/../lib/gcc/arm-none-eabi/12.1.0/../../../../arm-none-eabi/lib/libsysbase.a(handle_manager.o)
 *(EXCLUDE_FILE(*.twl*) .gnu.linkonce.d*)
                0x0000000002020fb8                . = ALIGN (0x4)
                0x0000000002020fb8                __data_end = ABSOLUTE (.)
                0x0000000002020fb8                __bss_vma = .

.igot.plt       0x0000000002020fb8        0x0
 .igot.plt      0x0000000002020fb8        0x0 /opt/devkitpro/devkitARM/bin/../lib/gcc/arm-none-eabi/12.1.0/../../../../arm-none-eabi/lib/ds_arm9_crt0.o

.dtcm           0x0000000002ff0000        0x0 load address 0x0000000002020fb8
                0x0000000002020fb8                __dtcm_lma = LOADADDR (.dtcm)
                0x0000000002ff0000                __dtcm_start = ABSOLUTE (.)
 *(.dtcm)
 *(.dtcm.*)
                0x0000000002ff0000                . = ALIGN (0x4)
                0x0000000002ff0000                __dtcm_end = ABSOLUTE (.)

.itcm           0x0000000001000100      0x194 load address 0x0000000002020fb8
                0x0000000002020fb8                __itcm_lma = LOADADDR (.itcm)
                0x0000000001000100                __itcm_start = ABSOLUTE (.)
 *(.itcm)
 .itcm          0x0000000001000100       0xc8 /opt/devkitpro/libnds/lib/libnds9.a(interrupts.o)
                0x0000000001000100                irqTable
 .itcm          0x00000000010001c8       0xcc /opt/devkitpro/libnds/lib/libnds9.a(interruptDispatcher.o)
                0x00000000010001c8                IntrMain
 *.itcm*(.text .stub .text.*)
                0x0000000001000294                . = ALIGN (0x4)
                0x0000000001000294                __itcm_end = ABSOLUTE (.)

.vectors        0x0000000001000000        0x0 load address 0x000000000202114c
                0x000000000202114c                __vectors_lma = LOADADDR (.vectors)
                0x0000000001000000                __vectors_start = ABSOLUTE (.)
 *(.vectors .vectors.*)
                0x0000000001000000                . = ALIGN (0x4)
                0x0000000001000000                __vectors_end = ABSOLUTE (.)

.sbss           0x0000000002ff0000        0x0
                0x0000000002ff0000                __sbss_start = ABSOLUTE (.)
                0x0000000002ff0000                __sbss_start__ = ABSOLUTE (.)
 *(.sbss)
                0x0000000002ff0000                . = ALIGN (0x4)
                0x0000000002ff0000                __sbss_end = ABSOLUTE (.)

.bss            0x0000000002020fb8     0x10b4
                0x0000000002020fb8                __bss_start = ABSOLUTE (.)
                0x0000000002020fb8                __bss_start__ = ABSOLUTE (.)
 *(EXCLUDE_FILE(*.twl*) .dynbss)
 *(EXCLUDE_FILE(*.twl*) .gnu.linkonce.b*)
 *(EXCLUDE_FILE(*.twl*) .bss*)
 .bss.completed.1
                0x0000000002020fb8        0x1 /opt/devkitpro/devkitARM/bin/../lib/gcc/arm-none-eabi/12.1.0/crtbegin.o
 *fill*         0x0000000002020fb9        0x3 
 .bss.object.0  0x0000000002020fbc       0x18 /opt/devkitpro/devkitARM/bin/../lib/gcc/arm-none-eabi/12.1.0/crtbegin.o
 .bss.accessCounter
                0x0000000002020fd4        0x4 /opt/devkitpro/libnds/lib/libfat.a(cache.o)
 .bss.bgIsTextLut
                0x0000000002020fd8        0x8 /opt/devkitpro/libnds/lib/libnds9.a(background.o)
                0x0000000002020fd8                bgIsTextLut
 .bss.bgState   0x0000000002020fe0      0x140 /opt/devkitpro/libnds/lib/libnds9.a(background.o)
                0x0000000002020fe0                bgState
 .bss.currentCopy
                0x0000000002021120       0x5c /opt/devkitpro/libnds/lib/libnds9.a(console.o)
                0x0000000002021120                currentCopy
 .bss.__dsimode
                0x000000000202117c        0x1 /opt/devkitpro/libnds/lib/libnds9.a(initSystem.o)
                0x000000000202117c                __dsimode
 *fill*         0x000000000202117d        0x3 
 .bss.punixTime
                0x0000000002021180        0x4 /opt/devkitpro/libnds/lib/libnds9.a(initSystem.o)
                0x0000000002021180                punixTime
 .bss.fifo_address_data
                0x0000000002021184       0x40 /opt/devkitpro/libnds/lib/libnds9.a(fifosystem.o)
                0x0000000002021184                fifo_address_data
 .bss.fifo_address_func
                0x00000000020211c4       0x40 /opt/devkitpro/libnds/lib/libnds9.a(fifosystem.o)
                0x00000000020211c4                fifo_address_func
 .bss.fifo_address_queue
                0x0000000002021204       0x40 /opt/devkitpro/libnds/lib/libnds9.a(fifosystem.o)
                0x0000000002021204                fifo_address_queue
 .bss.fifo_buffer
                0x0000000002021244      0x800 /opt/devkitpro/libnds/lib/libnds9.a(fifosystem.o)
                0x0000000002021244                fifo_buffer
 .bss.fifo_data_queue
                0x0000000002021a44       0x40 /opt/devkitpro/libnds/lib/libnds9.a(fifosystem.o)
                0x0000000002021a44                fifo_data_queue
 .bss.fifo_datamsg_data
                0x0000000002021a84       0x40 /opt/devkitpro/libnds/lib/libnds9.a(fifosystem.o)
                0x0000000002021a84                fifo_datamsg_data
 .bss.fifo_datamsg_func
                0x0000000002021ac4       0x40 /opt/devkitpro/libnds/lib/libnds9.a(fifosystem.o)
                0x0000000002021ac4                fifo_datamsg_func
 .bss.fifo_value32_data
                0x0000000002021b04       0x40 /opt/devkitpro/libnds/lib/libnds9.a(fifosystem.o)
                0x0000000002021b04                fifo_value32_data
 .bss.fifo_value32_func
                0x0000000002021b44       0x40 /opt/devkitpro/libnds/lib/libnds9.a(fifosystem.o)
                0x0000000002021b44                fifo_value32_func
 .bss.fifo_value32_queue
                0x0000000002021b84       0x40 /opt/devkitpro/libnds/lib/libnds9.a(fifosystem.o)
                0x0000000002021b84                fifo_value32_queue
 .bss.processing
                0x0000000002021bc4        0x4 /opt/devkitpro/libnds/lib/libnds9.a(fifosystem.o)
                0x0000000002021bc4                processing
 .bss.SDcallback
                0x0000000002021bc8        0x4 /opt/devkitpro/libnds/lib/libnds9.a(system.o)
 .bss.__malloc_current_mallinfo
                0x0000000002021bcc       0x28 /opt/devkitpro/devkitARM/bin/../lib/gcc/arm-none-eabi/12.1.0/../../../../arm-none-eabi/lib/libg.a(lib_a-mallocr.o)
                0x0000000002021bcc                __malloc_current_mallinfo
 .bss.__malloc_max_total_mem
                0x0000000002021bf4        0x4 /opt/devkitpro/devkitARM/bin/../lib/gcc/arm-none-eabi/12.1.0/../../../../arm-none-eabi/lib/libg.a(lib_a-mallocr.o)
                0x0000000002021bf4                __malloc_max_total_mem
 .bss.__malloc_max_sbrked_mem
                0x0000000002021bf8        0x4 /opt/devkitpro/devkitARM/bin/../lib/gcc/arm-none-eabi/12.1.0/../../../../arm-none-eabi/lib/libg.a(lib_a-mallocr.o)
                0x0000000002021bf8                __malloc_max_sbrked_mem
 .bss.__malloc_top_pad
                0x0000000002021bfc        0x4 /opt/devkitpro/devkitARM/bin/../lib/gcc/arm-none-eabi/12.1.0/../../../../arm-none-eabi/lib/libg.a(lib_a-mallocr.o)
                0x0000000002021bfc                __malloc_top_pad
 .bss.__malloc_recursive_mutex
                0x0000000002021c00        0xc /opt/devkitpro/devkitARM/bin/../lib/gcc/arm-none-eabi/12.1.0/../../../../arm-none-eabi/lib/libg.a(lib_a-mlock.o)
 .bss.__tz_mutex
                0x0000000002021c0c        0x4 /opt/devkitpro/devkitARM/bin/../lib/gcc/arm-none-eabi/12.1.0/../../../../arm-none-eabi/lib/libg.a(lib_a-tzlock.o)
 .bss.prev_tzenv
                0x0000000002021c10        0x4 /opt/devkitpro/devkitARM/bin/../lib/gcc/arm-none-eabi/12.1.0/../../../../arm-none-eabi/lib/libg.a(lib_a-tzset_r.o)
 .bss.__tzname_dst
                0x0000000002021c14        0xb /opt/devkitpro/devkitARM/bin/../lib/gcc/arm-none-eabi/12.1.0/../../../../arm-none-eabi/lib/libg.a(lib_a-tzset_r.o)
 *fill*         0x0000000002021c1f        0x1 
 .bss.__tzname_std
                0x0000000002021c20        0xb /opt/devkitpro/devkitARM/bin/../lib/gcc/arm-none-eabi/12.1.0/../../../../arm-none-eabi/lib/libg.a(lib_a-tzset_r.o)
 *fill*         0x0000000002021c2b        0x1 
 .bss._timezone
                0x0000000002021c2c        0x4 /opt/devkitpro/devkitARM/bin/../lib/gcc/arm-none-eabi/12.1.0/../../../../arm-none-eabi/lib/libg.a(lib_a-tzvars.o)
                0x0000000002021c2c                _timezone
 .bss._daylight
                0x0000000002021c30        0x4 /opt/devkitpro/devkitARM/bin/../lib/gcc/arm-none-eabi/12.1.0/../../../../arm-none-eabi/lib/libg.a(lib_a-tzvars.o)
                0x0000000002021c30                _daylight
 .bss.__sinit_recursive_mutex
                0x0000000002021c34        0xc /opt/devkitpro/devkitARM/bin/../lib/gcc/arm-none-eabi/12.1.0/../../../../arm-none-eabi/lib/libg.a(lib_a-findfp.o)
 .bss.__sfp_recursive_mutex
                0x0000000002021c40        0xc /opt/devkitpro/devkitARM/bin/../lib/gcc/arm-none-eabi/12.1.0/../../../../arm-none-eabi/lib/libg.a(lib_a-findfp.o)
 .bss.initial_env
                0x0000000002021c4c        0x4 /opt/devkitpro/devkitARM/bin/../lib/gcc/arm-none-eabi/12.1.0/../../../../arm-none-eabi/lib/libg.a(lib_a-environ.o)
 .bss.__env_recursive_mutex
                0x0000000002021c50        0xc /opt/devkitpro/devkitARM/bin/../lib/gcc/arm-none-eabi/12.1.0/../../../../arm-none-eabi/lib/libg.a(lib_a-envlock.o)
 .bss.heap_start.0
                0x0000000002021c5c        0x4 /opt/devkitpro/devkitARM/bin/../lib/gcc/arm-none-eabi/12.1.0/../../../../arm-none-eabi/lib/libsysbase.a(sbrk.o)
 .bss.fake_heap_start
                0x0000000002021c60        0x4 /opt/devkitpro/devkitARM/bin/../lib/gcc/arm-none-eabi/12.1.0/../../../../arm-none-eabi/lib/libsysbase.a(malloc_vars.o)
                0x0000000002021c60                fake_heap_start
 .bss.fake_heap_end
                0x0000000002021c64        0x4 /opt/devkitpro/devkitARM/bin/../lib/gcc/arm-none-eabi/12.1.0/../../../../arm-none-eabi/lib/libsysbase.a(malloc_vars.o)
                0x0000000002021c64                fake_heap_end
 .bss.temp_cwd  0x0000000002021c68      0x400 /opt/devkitpro/devkitARM/bin/../lib/gcc/arm-none-eabi/12.1.0/../../../../arm-none-eabi/lib/libsysbase.a(chdir.o)
 .bss.__hndl_lock
                0x0000000002022068        0x4 /opt/devkitpro/devkitARM/bin/../lib/gcc/arm-none-eabi/12.1.0/../../../../arm-none-eabi/lib/libsysbase.a(handle_manager.o)
 *(EXCLUDE_FILE(*.twl*) COMMON)
                0x000000000202206c                . = ALIGN (0x4)
                0x000000000202206c                __bss_end__ = ABSOLUTE (.)
                0x000000000202206c                __end__ = ABSOLUTE (.)

.twl            0x000000000202206c      0x15c load address 0x0000000002400000
                0x0000000002400000                __arm9i_lma__ = LOADADDR (.twl)
                0x000000000202206c                __arm9i_start__ = ABSOLUTE (.)
 *(.twl)
 *.twl*(.text .stub .text.* .gnu.linkonce.t.*)
 .text.sdio_ClearStatus
                0x000000000202206c        0x4 /opt/devkitpro/libnds/lib/libnds9.a(sd.twl.o)
                0x000000000202206c                sdio_ClearStatus
 .text.sdio_Startup
                0x0000000002022070       0x50 /opt/devkitpro/libnds/lib/libnds9.a(sd.twl.o)
                0x0000000002022070                sdio_Startup
 .text.sdio_Shutdown
                0x00000000020220c0        0x4 /opt/devkitpro/libnds/lib/libnds9.a(sd.twl.o)
                0x00000000020220c0                sdio_Shutdown
 .text.sdio_IsInserted
                0x00000000020220c4       0x30 /opt/devkitpro/libnds/lib/libnds9.a(sd.twl.o)
                0x00000000020220c4                sdio_IsInserted
 .text.sdio_ReadSectors
                0x00000000020220f4       0x50 /opt/devkitpro/libnds/lib/libnds9.a(sd.twl.o)
                0x00000000020220f4                sdio_ReadSectors
 .text.sdio_WriteSectors
                0x0000000002022144       0x50 /opt/devkitpro/libnds/lib/libnds9.a(sd.twl.o)
                0x0000000002022144                sdio_WriteSectors
 *fill*         0x0000000002022194        0x4 
 .text.sdio_WriteSectors.__stub
                0x0000000002022198       0x10 linker stubs
 *.twl*(.rodata)
 *.twl*(.roda)
 *.twl*(.rodata.*)
 .rodata.__io_dsisd
                0x00000000020221a8       0x20 /opt/devkitpro/libnds/lib/libnds9.a(sd.twl.o)
                0x00000000020221a8                __io_dsisd
 *.twl*(.data)
 *.twl*(.data.*)
 *.twl*(.gnu.linkonce.d*)
                0x00000000020221c8                __arm9i_end__ = ABSOLUTE (.)

.rel.dyn        0x00000000020221c8        0x0 load address 0x000000000240015c
 .rel.iplt      0x00000000020221c8        0x0 /opt/devkitpro/devkitARM/bin/../lib/gcc/arm-none-eabi/12.1.0/../../../../arm-none-eabi/lib/ds_arm9_crt0.o

.twl_bss        0x00000000020221c8        0x0
                0x00000000020221c8                __twl_bss_start__ = ABSOLUTE (.)
 *(.twl_bss)
 *.twl*(.dynbss)
 *.twl*(.gnu.linkonce.b*)
 *.twl*(.bss*)
 *.twl*(COMMON)
                0x00000000020221c8                . = ALIGN (0x4)
                0x00000000020221c8                __twl_bss_end__ = ABSOLUTE (.)
                0x00000000020221c8                __twl_end__ = ABSOLUTE (.)

.stab
 *(.stab)

.stabstr
 *(.stabstr)

.stab.excl
 *(.stab.excl)

.stab.exclstr
 *(.stab.exclstr)

.stab.index
 *(.stab.index)

.stab.indexstr
 *(.stab.indexstr)

.comment        0x0000000000000000       0x69
 *(.comment)
 .comment       0x0000000000000000       0x23 /opt/devkitpro/devkitARM/bin/../lib/gcc/arm-none-eabi/12.1.0/crtbegin.o
                                         0x24 (size before relaxing)
 .comment       0x0000000000000023       0x24 main.o
 .comment       0x0000000000000023       0x24 tonccpy.o
 .comment       0x0000000000000023       0x23 /opt/devkitpro/libnds/lib/libfat.a(libfat.o)
                                         0x24 (size before relaxing)
 .comment       0x0000000000000046       0x24 /opt/devkitpro/libnds/lib/libfat.a(disc.o)
 .comment       0x0000000000000046       0x24 /opt/devkitpro/libnds/lib/libfat.a(fatfile.o)
 .comment       0x0000000000000046       0x24 /opt/devkitpro/libnds/lib/libfat.a(cache.o)
 .comment       0x0000000000000046       0x24 /opt/devkitpro/libnds/lib/libfat.a(fatdir.o)
 .comment       0x0000000000000046       0x24 /opt/devkitpro/libnds/lib/libfat.a(directory.o)
 .comment       0x0000000000000046       0x24 /opt/devkitpro/libnds/lib/libfat.a(partition.o)
 .comment       0x0000000000000046       0x24 /opt/devkitpro/libnds/lib/libfat.a(lock.o)
 .comment       0x0000000000000046       0x24 /opt/devkitpro/libnds/lib/libfat.a(filetime.o)
 .comment       0x0000000000000046       0x24 /opt/devkitpro/libnds/lib/libfat.a(file_allocation_table.o)
 .comment       0x0000000000000046       0x23 /opt/devkitpro/libnds/lib/libnds9.a(background.o)
                                         0x24 (size before relaxing)
 .comment       0x0000000000000069       0x24 /opt/devkitpro/libnds/lib/libnds9.a(trig.o)
 .comment       0x0000000000000069       0x24 /opt/devkitpro/libnds/lib/libnds9.a(video.o)
 .comment       0x0000000000000069       0x24 /opt/devkitpro/libnds/lib/libnds9.a(console.o)
 .comment       0x0000000000000069       0x24 /opt/devkitpro/libnds/lib/libnds9.a(decompress.o)
 .comment       0x0000000000000069       0x24 /opt/devkitpro/libnds/lib/libnds9.a(dldi.o)
 .comment       0x0000000000000069       0x24 /opt/devkitpro/libnds/lib/libnds9.a(initSystem.o)
 .comment       0x0000000000000069       0x24 /opt/devkitpro/libnds/lib/libnds9.a(securearea.o)
 .comment       0x0000000000000069       0x24 /opt/devkitpro/libnds/lib/libnds9.a(interrupts.o)
 .comment       0x0000000000000069       0x24 /opt/devkitpro/libnds/lib/libnds9.a(libnds_exit.arm.o)
 .comment       0x0000000000000069       0x24 /opt/devkitpro/libnds/lib/libnds9.a(syscalls.o)
 .comment       0x0000000000000069       0x24 /opt/devkitpro/libnds/lib/libnds9.a(fifosystem.o)
 .comment       0x0000000000000069       0x24 /opt/devkitpro/libnds/lib/libnds9.a(system.o)
 .comment       0x0000000000000069       0x24 /opt/devkitpro/libnds/lib/libnds9.a(sd.twl.o)
 .comment       0x0000000000000069       0x24 /opt/devkitpro/devkitARM/bin/../lib/gcc/arm-none-eabi/12.1.0/libgcc.a(_muldi3.o)
 .comment       0x0000000000000069       0x24 /opt/devkitpro/devkitARM/bin/../lib/gcc/arm-none-eabi/12.1.0/libgcc.a(_udivmoddi4.o)
 .comment       0x0000000000000069       0x24 /opt/devkitpro/devkitARM/bin/../lib/gcc/arm-none-eabi/12.1.0/../../../../arm-none-eabi/lib/libg.a(lib_a-calloc.o)
 .comment       0x0000000000000069       0x24 /opt/devkitpro/devkitARM/bin/../lib/gcc/arm-none-eabi/12.1.0/../../../../arm-none-eabi/lib/libg.a(lib_a-callocr.o)
 .comment       0x0000000000000069       0x24 /opt/devkitpro/devkitARM/bin/../lib/gcc/arm-none-eabi/12.1.0/../../../../arm-none-eabi/lib/libg.a(lib_a-ctype_.o)
 .comment       0x0000000000000069       0x24 /opt/devkitpro/devkitARM/bin/../lib/gcc/arm-none-eabi/12.1.0/../../../../arm-none-eabi/lib/libg.a(lib_a-errno.o)
 .comment       0x0000000000000069       0x24 /opt/devkitpro/devkitARM/bin/../lib/gcc/arm-none-eabi/12.1.0/../../../../arm-none-eabi/lib/libg.a(lib_a-init.o)
 .comment       0x0000000000000069       0x24 /opt/devkitpro/devkitARM/bin/../lib/gcc/arm-none-eabi/12.1.0/../../../../arm-none-eabi/lib/libg.a(lib_a-lcltime_r.o)
 .comment       0x0000000000000069       0x24 /opt/devkitpro/devkitARM/bin/../lib/gcc/arm-none-eabi/12.1.0/../../../../arm-none-eabi/lib/libg.a(lib_a-locale.o)
 .comment       0x0000000000000069       0x24 /opt/devkitpro/devkitARM/bin/../lib/gcc/arm-none-eabi/12.1.0/../../../../arm-none-eabi/lib/libg.a(lib_a-malloc.o)
 .comment       0x0000000000000069       0x24 /opt/devkitpro/devkitARM/bin/../lib/gcc/arm-none-eabi/12.1.0/../../../../arm-none-eabi/lib/libg.a(lib_a-mallocr.o)
 .comment       0x0000000000000069       0x24 /opt/devkitpro/devkitARM/bin/../lib/gcc/arm-none-eabi/12.1.0/../../../../arm-none-eabi/lib/libg.a(lib_a-mbrtowc.o)
 .comment       0x0000000000000069       0x24 /opt/devkitpro/devkitARM/bin/../lib/gcc/arm-none-eabi/12.1.0/../../../../arm-none-eabi/lib/libg.a(lib_a-mbsrtowcs.o)
 .comment       0x0000000000000069       0x24 /opt/devkitpro/devkitARM/bin/../lib/gcc/arm-none-eabi/12.1.0/../../../../arm-none-eabi/lib/libg.a(lib_a-mbtowc_r.o)
 .comment       0x0000000000000069       0x24 /opt/devkitpro/devkitARM/bin/../lib/gcc/arm-none-eabi/12.1.0/../../../../arm-none-eabi/lib/libg.a(lib_a-memcmp.o)
 .comment       0x0000000000000069       0x24 /opt/devkitpro/devkitARM/bin/../lib/gcc/arm-none-eabi/12.1.0/../../../../arm-none-eabi/lib/libg.a(lib_a-memcpy-stub.o)
 .comment       0x0000000000000069       0x24 /opt/devkitpro/devkitARM/bin/../lib/gcc/arm-none-eabi/12.1.0/../../../../arm-none-eabi/lib/libg.a(lib_a-memmove.o)
 .comment       0x0000000000000069       0x24 /opt/devkitpro/devkitARM/bin/../lib/gcc/arm-none-eabi/12.1.0/../../../../arm-none-eabi/lib/libg.a(lib_a-memset.o)
 .comment       0x0000000000000069       0x24 /opt/devkitpro/devkitARM/bin/../lib/gcc/arm-none-eabi/12.1.0/../../../../arm-none-eabi/lib/libg.a(lib_a-mktime.o)
 .comment       0x0000000000000069       0x24 /opt/devkitpro/devkitARM/bin/../lib/gcc/arm-none-eabi/12.1.0/../../../../arm-none-eabi/lib/libg.a(lib_a-mlock.o)
 .comment       0x0000000000000069       0x24 /opt/devkitpro/devkitARM/bin/../lib/gcc/arm-none-eabi/12.1.0/../../../../arm-none-eabi/lib/libg.a(lib_a-month_lengths.o)
 .comment       0x0000000000000069       0x24 /opt/devkitpro/devkitARM/bin/../lib/gcc/arm-none-eabi/12.1.0/../../../../arm-none-eabi/lib/libg.a(lib_a-setvbuf.o)
 .comment       0x0000000000000069       0x24 /opt/devkitpro/devkitARM/bin/../lib/gcc/arm-none-eabi/12.1.0/../../../../arm-none-eabi/lib/libg.a(lib_a-siscanf.o)
 .comment       0x0000000000000069       0x24 /opt/devkitpro/devkitARM/bin/../lib/gcc/arm-none-eabi/12.1.0/../../../../arm-none-eabi/lib/libg.a(lib_a-stdio.o)
 .comment       0x0000000000000069       0x24 /opt/devkitpro/devkitARM/bin/../lib/gcc/arm-none-eabi/12.1.0/../../../../arm-none-eabi/lib/libg.a(lib_a-stpcpy.o)
 .comment       0x0000000000000069       0x24 /opt/devkitpro/devkitARM/bin/../lib/gcc/arm-none-eabi/12.1.0/../../../../arm-none-eabi/lib/libg.a(lib_a-strchr.o)
 .comment       0x0000000000000069       0x24 /opt/devkitpro/devkitARM/bin/../lib/gcc/arm-none-eabi/12.1.0/../../../../arm-none-eabi/lib/libg.a(lib_a-strcpy.o)
 .comment       0x0000000000000069       0x24 /opt/devkitpro/devkitARM/bin/../lib/gcc/arm-none-eabi/12.1.0/../../../../arm-none-eabi/lib/libg.a(lib_a-strlen-stub.o)
 .comment       0x0000000000000069       0x24 /opt/devkitpro/devkitARM/bin/../lib/gcc/arm-none-eabi/12.1.0/../../../../arm-none-eabi/lib/libg.a(lib_a-strncasecmp.o)
 .comment       0x0000000000000069       0x24 /opt/devkitpro/devkitARM/bin/../lib/gcc/arm-none-eabi/12.1.0/../../../../arm-none-eabi/lib/libg.a(lib_a-strncmp.o)
 .comment       0x0000000000000069       0x24 /opt/devkitpro/devkitARM/bin/../lib/gcc/arm-none-eabi/12.1.0/../../../../arm-none-eabi/lib/libg.a(lib_a-strncpy.o)
 .comment       0x0000000000000069       0x24 /opt/devkitpro/devkitARM/bin/../lib/gcc/arm-none-eabi/12.1.0/../../../../arm-none-eabi/lib/libg.a(lib_a-strnlen.o)